Archive member included because of file (symbol)

c:/winavr-20100110/bin/../lib/gcc/avr/4.3.3/avr5\libgcc.a(_udivmodqi4.o)
                              ./01-Source/02-HAL/SSD/Src/SSD.o (__udivmodqi4)
c:/winavr-20100110/bin/../lib/gcc/avr/4.3.3/avr5\libgcc.a(_udivmodhi4.o)
                              ./01-Source/02-HAL/LCD/Src/Lcd.o (__udivmodhi4)
c:/winavr-20100110/bin/../lib/gcc/avr/4.3.3/avr5\libgcc.a(_exit.o)
                              c:/winavr-20100110/bin/../lib/gcc/avr/4.3.3/../../../../avr/lib/avr5/crtm32.o (exit)
c:/winavr-20100110/bin/../lib/gcc/avr/4.3.3/avr5\libgcc.a(_copy_data.o)
                              ./01-Source/04-Application/main.o (__do_copy_data)
c:/winavr-20100110/bin/../lib/gcc/avr/4.3.3/avr5\libgcc.a(_clear_bss.o)
                              ./01-Source/01-MCAL/UART/Src/Uart.o (__do_clear_bss)
c:/winavr-20100110/bin/../lib/gcc/avr/4.3.3/avr5\libgcc.a(_fixunssfsi.o)
                              ./01-Source/02-HAL/LCD/Src/Lcd.o (__fixunssfsi)
c:/winavr-20100110/bin/../lib/gcc/avr/4.3.3/avr5\libgcc.a(_addsub_sf.o)
                              ./01-Source/02-HAL/LCD/Src/Lcd.o (__subsf3)
c:/winavr-20100110/bin/../lib/gcc/avr/4.3.3/avr5\libgcc.a(_mul_sf.o)
                              ./01-Source/02-HAL/LCD/Src/Lcd.o (__mulsf3)
c:/winavr-20100110/bin/../lib/gcc/avr/4.3.3/avr5\libgcc.a(_ge_sf.o)
                              c:/winavr-20100110/bin/../lib/gcc/avr/4.3.3/avr5\libgcc.a(_fixunssfsi.o) (__gesf2)
c:/winavr-20100110/bin/../lib/gcc/avr/4.3.3/avr5\libgcc.a(_sf_to_si.o)
                              c:/winavr-20100110/bin/../lib/gcc/avr/4.3.3/avr5\libgcc.a(_fixunssfsi.o) (__fixsfsi)
c:/winavr-20100110/bin/../lib/gcc/avr/4.3.3/avr5\libgcc.a(_thenan_sf.o)
                              c:/winavr-20100110/bin/../lib/gcc/avr/4.3.3/avr5\libgcc.a(_addsub_sf.o) (__thenan_sf)
c:/winavr-20100110/bin/../lib/gcc/avr/4.3.3/avr5\libgcc.a(_usi_to_sf.o)
                              ./01-Source/02-HAL/LCD/Src/Lcd.o (__floatunsisf)
c:/winavr-20100110/bin/../lib/gcc/avr/4.3.3/avr5\libgcc.a(_prologue.o)
                              c:/winavr-20100110/bin/../lib/gcc/avr/4.3.3/avr5\libgcc.a(_addsub_sf.o) (__prologue_saves__)
c:/winavr-20100110/bin/../lib/gcc/avr/4.3.3/avr5\libgcc.a(_epilogue.o)
                              c:/winavr-20100110/bin/../lib/gcc/avr/4.3.3/avr5\libgcc.a(_addsub_sf.o) (__epilogue_restores__)
c:/winavr-20100110/bin/../lib/gcc/avr/4.3.3/avr5\libgcc.a(_clzsi2.o)
                              c:/winavr-20100110/bin/../lib/gcc/avr/4.3.3/avr5\libgcc.a(_usi_to_sf.o) (__clzsi2)
c:/winavr-20100110/bin/../lib/gcc/avr/4.3.3/avr5\libgcc.a(_pack_sf.o)
                              c:/winavr-20100110/bin/../lib/gcc/avr/4.3.3/avr5\libgcc.a(_addsub_sf.o) (__pack_f)
c:/winavr-20100110/bin/../lib/gcc/avr/4.3.3/avr5\libgcc.a(_unpack_sf.o)
                              c:/winavr-20100110/bin/../lib/gcc/avr/4.3.3/avr5\libgcc.a(_addsub_sf.o) (__unpack_f)
c:/winavr-20100110/bin/../lib/gcc/avr/4.3.3/avr5\libgcc.a(_fpcmp_parts_sf.o)
                              c:/winavr-20100110/bin/../lib/gcc/avr/4.3.3/avr5\libgcc.a(_ge_sf.o) (__fpcmp_parts_f)
c:/winavr-20100110/bin/../lib/gcc/avr/4.3.3/avr5\libgcc.a(_clz.o)
                              c:/winavr-20100110/bin/../lib/gcc/avr/4.3.3/avr5\libgcc.a(_clzsi2.o) (__clz_tab)

Allocating common symbols
Common symbol       size              file

UART_RxBuffer       0x19              ./01-Source/01-MCAL/UART/Src/Uart.o

Memory Configuration

Name             Origin             Length             Attributes
text             0x00000000         0x00020000         xr
data             0x00800060         0x0000ffa0         rw !x
eeprom           0x00810000         0x00010000         rw !x
fuse             0x00820000         0x00000400         rw !x
lock             0x00830000         0x00000400         rw !x
signature        0x00840000         0x00000400         rw !x
*default*        0x00000000         0xffffffff

Linker script and memory map

LOAD c:/winavr-20100110/bin/../lib/gcc/avr/4.3.3/../../../../avr/lib/avr5/crtm32.o
LOAD ./01-Source/04-Application/main.o
LOAD ./01-Source/02-HAL/SSD/Src/SSD.o
LOAD ./01-Source/02-HAL/LED/Src/Led.o
LOAD ./01-Source/02-HAL/LCD/Src/Lcd.o
LOAD ./01-Source/02-HAL/LCD/Src/Lcd_Cfg.o
LOAD ./01-Source/02-HAL/BUZZER/Src/Buzzer.o
LOAD ./01-Source/02-HAL/BUTTON/Src/Button.o
LOAD ./01-Source/01-MCAL/WDG/Src/Wdg.o
LOAD ./01-Source/01-MCAL/UART/Src/Uart.o
LOAD ./01-Source/01-MCAL/TIMER0/Src/Timer0.o
LOAD ./01-Source/01-MCAL/SPI/Src/Spi.o
LOAD ./01-Source/01-MCAL/I2C/Src/I2c.o
LOAD ./01-Source/01-MCAL/GLBL_INT/Src/Glbl_INT.o
LOAD ./01-Source/01-MCAL/EXT_INT/Src/Ext_INT.o
LOAD ./01-Source/01-MCAL/DIO/Src/Dio.o
LOAD ./01-Source/01-MCAL/ADC/Src/Adc.o
LOAD c:/winavr-20100110/bin/../lib/gcc/avr/4.3.3/avr5\libgcc.a
LOAD c:/winavr-20100110/bin/../lib/gcc/avr/4.3.3/../../../../avr/lib/avr5\libc.a
LOAD c:/winavr-20100110/bin/../lib/gcc/avr/4.3.3/avr5\libgcc.a

.hash
 *(.hash)

.dynsym
 *(.dynsym)

.dynstr
 *(.dynstr)

.gnu.version
 *(.gnu.version)

.gnu.version_d
 *(.gnu.version_d)

.gnu.version_r
 *(.gnu.version_r)

.rel.init
 *(.rel.init)

.rela.init
 *(.rela.init)

.rel.text
 *(.rel.text)
 *(.rel.text.*)
 *(.rel.gnu.linkonce.t*)

.rela.text
 *(.rela.text)
 *(.rela.text.*)
 *(.rela.gnu.linkonce.t*)

.rel.fini
 *(.rel.fini)

.rela.fini
 *(.rela.fini)

.rel.rodata
 *(.rel.rodata)
 *(.rel.rodata.*)
 *(.rel.gnu.linkonce.r*)

.rela.rodata
 *(.rela.rodata)
 *(.rela.rodata.*)
 *(.rela.gnu.linkonce.r*)

.rel.data
 *(.rel.data)
 *(.rel.data.*)
 *(.rel.gnu.linkonce.d*)

.rela.data
 *(.rela.data)
 *(.rela.data.*)
 *(.rela.gnu.linkonce.d*)

.rel.ctors
 *(.rel.ctors)

.rela.ctors
 *(.rela.ctors)

.rel.dtors
 *(.rel.dtors)

.rela.dtors
 *(.rela.dtors)

.rel.got
 *(.rel.got)

.rela.got
 *(.rela.got)

.rel.bss
 *(.rel.bss)

.rela.bss
 *(.rela.bss)

.rel.plt
 *(.rel.plt)

.rela.plt
 *(.rela.plt)

.text           0x00000000     0x18f0
 *(.vectors)
 .vectors       0x00000000       0x54 c:/winavr-20100110/bin/../lib/gcc/avr/4.3.3/../../../../avr/lib/avr5/crtm32.o
                0x00000000                __vectors
                0x00000000                __vector_default
 *(.vectors)
 *(.progmem.gcc*)
 *(.progmem*)
                0x00000054                . = ALIGN (0x2)
                0x00000054                __trampolines_start = .
 *(.trampolines)
 .trampolines   0x00000054        0x0 linker stubs
 *(.trampolines*)
                0x00000054                __trampolines_end = .
 *(.jumptables)
 *(.jumptables*)
 *(.lowtext)
 *(.lowtext*)
                0x00000054                __ctors_start = .
 *(.ctors)
                0x00000054                __ctors_end = .
                0x00000054                __dtors_start = .
 *(.dtors)
                0x00000054                __dtors_end = .
 SORT(*)(.ctors)
 SORT(*)(.dtors)
 *(.init0)
 .init0         0x00000054        0x0 c:/winavr-20100110/bin/../lib/gcc/avr/4.3.3/../../../../avr/lib/avr5/crtm32.o
                0x00000054                __init
 *(.init0)
 *(.init1)
 *(.init1)
 *(.init2)
 .init2         0x00000054        0xc c:/winavr-20100110/bin/../lib/gcc/avr/4.3.3/../../../../avr/lib/avr5/crtm32.o
 *(.init2)
 *(.init3)
 *(.init3)
 *(.init4)
 .init4         0x00000060       0x16 c:/winavr-20100110/bin/../lib/gcc/avr/4.3.3/avr5\libgcc.a(_copy_data.o)
                0x00000060                __do_copy_data
 .init4         0x00000076       0x10 c:/winavr-20100110/bin/../lib/gcc/avr/4.3.3/avr5\libgcc.a(_clear_bss.o)
                0x00000076                __do_clear_bss
 *(.init4)
 *(.init5)
 *(.init5)
 *(.init6)
 *(.init6)
 *(.init7)
 *(.init7)
 *(.init8)
 *(.init8)
 *(.init9)
 .init9         0x00000086        0x8 c:/winavr-20100110/bin/../lib/gcc/avr/4.3.3/../../../../avr/lib/avr5/crtm32.o
 *(.init9)
 *(.text)
 .text          0x0000008e        0x4 c:/winavr-20100110/bin/../lib/gcc/avr/4.3.3/../../../../avr/lib/avr5/crtm32.o
                0x0000008e                __vector_1
                0x0000008e                __vector_12
                0x0000008e                __bad_interrupt
                0x0000008e                __vector_6
                0x0000008e                __vector_3
                0x0000008e                __vector_11
                0x0000008e                __vector_17
                0x0000008e                __vector_19
                0x0000008e                __vector_7
                0x0000008e                __vector_5
                0x0000008e                __vector_4
                0x0000008e                __vector_9
                0x0000008e                __vector_2
                0x0000008e                __vector_15
                0x0000008e                __vector_8
                0x0000008e                __vector_14
                0x0000008e                __vector_10
                0x0000008e                __vector_16
                0x0000008e                __vector_18
                0x0000008e                __vector_20
 .text          0x00000092        0x0 ./01-Source/04-Application/main.o
 .text          0x00000092        0x0 ./01-Source/02-HAL/SSD/Src/SSD.o
 .text          0x00000092        0x0 ./01-Source/02-HAL/LED/Src/Led.o
 .text          0x00000092        0x0 ./01-Source/02-HAL/LCD/Src/Lcd.o
 .text          0x00000092        0x0 ./01-Source/02-HAL/LCD/Src/Lcd_Cfg.o
 .text          0x00000092        0x0 ./01-Source/02-HAL/BUZZER/Src/Buzzer.o
 .text          0x00000092        0x0 ./01-Source/02-HAL/BUTTON/Src/Button.o
 .text          0x00000092        0x0 ./01-Source/01-MCAL/WDG/Src/Wdg.o
 .text          0x00000092        0x0 ./01-Source/01-MCAL/UART/Src/Uart.o
 .text          0x00000092        0x0 ./01-Source/01-MCAL/TIMER0/Src/Timer0.o
 .text          0x00000092        0x0 ./01-Source/01-MCAL/SPI/Src/Spi.o
 .text          0x00000092        0x0 ./01-Source/01-MCAL/I2C/Src/I2c.o
 .text          0x00000092        0x0 ./01-Source/01-MCAL/GLBL_INT/Src/Glbl_INT.o
 .text          0x00000092        0x0 ./01-Source/01-MCAL/EXT_INT/Src/Ext_INT.o
 .text          0x00000092        0x0 ./01-Source/01-MCAL/DIO/Src/Dio.o
 .text          0x00000092        0x0 ./01-Source/01-MCAL/ADC/Src/Adc.o
 .text          0x00000092        0x0 c:/winavr-20100110/bin/../lib/gcc/avr/4.3.3/avr5\libgcc.a(_udivmodqi4.o)
 .text          0x00000092        0x0 c:/winavr-20100110/bin/../lib/gcc/avr/4.3.3/avr5\libgcc.a(_udivmodhi4.o)
 .text          0x00000092        0x0 c:/winavr-20100110/bin/../lib/gcc/avr/4.3.3/avr5\libgcc.a(_exit.o)
 .text          0x00000092        0x0 c:/winavr-20100110/bin/../lib/gcc/avr/4.3.3/avr5\libgcc.a(_copy_data.o)
 .text          0x00000092        0x0 c:/winavr-20100110/bin/../lib/gcc/avr/4.3.3/avr5\libgcc.a(_clear_bss.o)
 .text          0x00000092       0x58 c:/winavr-20100110/bin/../lib/gcc/avr/4.3.3/avr5\libgcc.a(_fixunssfsi.o)
                0x00000092                __fixunssfsi
 .text          0x000000ea      0x354 c:/winavr-20100110/bin/../lib/gcc/avr/4.3.3/avr5\libgcc.a(_addsub_sf.o)
                0x00000382                __subsf3
                0x000003e4                __addsf3
 .text          0x0000043e      0x1f4 c:/winavr-20100110/bin/../lib/gcc/avr/4.3.3/avr5\libgcc.a(_mul_sf.o)
                0x0000043e                __mulsf3
 .text          0x00000632       0x60 c:/winavr-20100110/bin/../lib/gcc/avr/4.3.3/avr5\libgcc.a(_ge_sf.o)
                0x00000632                __gesf2
 .text          0x00000692       0xa8 c:/winavr-20100110/bin/../lib/gcc/avr/4.3.3/avr5\libgcc.a(_sf_to_si.o)
                0x00000692                __fixsfsi
 .text          0x0000073a        0x0 c:/winavr-20100110/bin/../lib/gcc/avr/4.3.3/avr5\libgcc.a(_thenan_sf.o)
 .text          0x0000073a       0xf2 c:/winavr-20100110/bin/../lib/gcc/avr/4.3.3/avr5\libgcc.a(_usi_to_sf.o)
                0x0000073a                __floatunsisf
 .text          0x0000082c        0x0 c:/winavr-20100110/bin/../lib/gcc/avr/4.3.3/avr5\libgcc.a(_prologue.o)
 .text          0x0000082c        0x0 c:/winavr-20100110/bin/../lib/gcc/avr/4.3.3/avr5\libgcc.a(_epilogue.o)
 .text          0x0000082c       0x9e c:/winavr-20100110/bin/../lib/gcc/avr/4.3.3/avr5\libgcc.a(_clzsi2.o)
                0x0000082c                __clzsi2
 .text          0x000008ca      0x1aa c:/winavr-20100110/bin/../lib/gcc/avr/4.3.3/avr5\libgcc.a(_pack_sf.o)
                0x000008ca                __pack_f
 .text          0x00000a74       0xf0 c:/winavr-20100110/bin/../lib/gcc/avr/4.3.3/avr5\libgcc.a(_unpack_sf.o)
                0x00000a74                __unpack_f
 .text          0x00000b64       0xb2 c:/winavr-20100110/bin/../lib/gcc/avr/4.3.3/avr5\libgcc.a(_fpcmp_parts_sf.o)
                0x00000b64                __fpcmp_parts_f
 .text          0x00000c16        0x0 c:/winavr-20100110/bin/../lib/gcc/avr/4.3.3/avr5\libgcc.a(_clz.o)
                0x00000c16                . = ALIGN (0x2)
 *(.text.*)
 .text.main     0x00000c16       0x4a ./01-Source/04-Application/main.o
                0x00000c16                main
 .text.SSD_DisplayNumber
                0x00000c60       0x74 ./01-Source/02-HAL/SSD/Src/SSD.o
                0x00000c60                SSD_DisplayNumber
 .text.SSD_Init
                0x00000cd4       0x3e ./01-Source/02-HAL/SSD/Src/SSD.o
                0x00000cd4                SSD_Init
 .text.LED_TOGGLE
                0x00000d12       0x2c ./01-Source/02-HAL/LED/Src/Led.o
                0x00000d12                LED_TOGGLE
 .text.LED_OFF  0x00000d3e       0x32 ./01-Source/02-HAL/LED/Src/Led.o
                0x00000d3e                LED_OFF
 .text.LED_ON   0x00000d70       0x32 ./01-Source/02-HAL/LED/Src/Led.o
                0x00000d70                LED_ON
 .text.LED_Init
                0x00000da2       0x20 ./01-Source/02-HAL/LED/Src/Led.o
                0x00000da2                LED_Init
 .text.Enable_Pulse
                0x00000dc2       0x24 ./01-Source/02-HAL/LCD/Src/Lcd.o
 .text.Lcd_DisplayChr
                0x00000de6       0x32 ./01-Source/02-HAL/LCD/Src/Lcd.o
                0x00000de6                Lcd_DisplayChr
 .text.Lcd_DisplayNum
                0x00000e18       0x6c ./01-Source/02-HAL/LCD/Src/Lcd.o
                0x00000e18                Lcd_DisplayNum
 .text.LcdDisplayFloat
                0x00000e84       0x6a ./01-Source/02-HAL/LCD/Src/Lcd.o
                0x00000e84                LcdDisplayFloat
 .text.Lcd_DisplayStr
                0x00000eee       0x1e ./01-Source/02-HAL/LCD/Src/Lcd.o
                0x00000eee                Lcd_DisplayStr
 .text.Lcd_Cmd  0x00000f0c       0x32 ./01-Source/02-HAL/LCD/Src/Lcd.o
                0x00000f0c                Lcd_Cmd
 .text.Lcd_Goto_Row_Column
                0x00000f3e       0x1e ./01-Source/02-HAL/LCD/Src/Lcd.o
                0x00000f3e                Lcd_Goto_Row_Column
 .text.Lcd_Init
                0x00000f5c      0x116 ./01-Source/02-HAL/LCD/Src/Lcd.o
                0x00000f5c                Lcd_Init
 .text.Buzzer_Toggle
                0x00001072        0xa ./01-Source/02-HAL/BUZZER/Src/Buzzer.o
                0x00001072                Buzzer_Toggle
 .text.Buzzer_OFF
                0x0000107c        0xc ./01-Source/02-HAL/BUZZER/Src/Buzzer.o
                0x0000107c                Buzzer_OFF
 .text.Buzzer_ON
                0x00001088        0xc ./01-Source/02-HAL/BUZZER/Src/Buzzer.o
                0x00001088                Buzzer_ON
 .text.Buzzer_Init
                0x00001094        0xc ./01-Source/02-HAL/BUZZER/Src/Buzzer.o
                0x00001094                Buzzer_Init
 .text.Button_GetStatus
                0x000010a0       0x48 ./01-Source/02-HAL/BUTTON/Src/Button.o
                0x000010a0                Button_GetStatus
 .text.Button_Init
                0x000010e8       0x20 ./01-Source/02-HAL/BUTTON/Src/Button.o
                0x000010e8                Button_Init
 .text.WDG_ON   0x00001108       0x12 ./01-Source/01-MCAL/WDG/Src/Wdg.o
                0x00001108                WDG_ON
 .text.WDG_OFF  0x0000111a       0x10 ./01-Source/01-MCAL/WDG/Src/Wdg.o
                0x0000111a                WDG_OFF
 .text.WDG_Refresh
                0x0000112a        0x4 ./01-Source/01-MCAL/WDG/Src/Wdg.o
                0x0000112a                WDG_Refresh
 .text.UART_Init
                0x0000112e       0x26 ./01-Source/01-MCAL/UART/Src/Uart.o
                0x0000112e                UART_Init
 .text.UART_TransmitChr
                0x00001154       0x10 ./01-Source/01-MCAL/UART/Src/Uart.o
                0x00001154                UART_TransmitChr
 .text.UART_TransmitStr
                0x00001164       0x1e ./01-Source/01-MCAL/UART/Src/Uart.o
                0x00001164                UART_TransmitStr
 .text.UART_ReceiveChr
                0x00001182        0xe ./01-Source/01-MCAL/UART/Src/Uart.o
                0x00001182                UART_ReceiveChr
 .text.__vector_13
                0x00001190       0x84 ./01-Source/01-MCAL/UART/Src/Uart.o
                0x00001190                __vector_13
 .text.TIMER0_Init
                0x00001214        0xa ./01-Source/01-MCAL/TIMER0/Src/Timer0.o
                0x00001214                TIMER0_Init
 .text.TIMER0_Start
                0x0000121e        0xc ./01-Source/01-MCAL/TIMER0/Src/Timer0.o
                0x0000121e                TIMER0_Start
 .text.TIMER0_Stop
                0x0000122a        0xc ./01-Source/01-MCAL/TIMER0/Src/Timer0.o
                0x0000122a                TIMER0_Stop
 .text.TIMER0_SetPreload
                0x00001236        0x4 ./01-Source/01-MCAL/TIMER0/Src/Timer0.o
                0x00001236                TIMER0_SetPreload
 .text.TIMER0_GetPreload
                0x0000123a        0x4 ./01-Source/01-MCAL/TIMER0/Src/Timer0.o
                0x0000123a                TIMER0_GetPreload
 .text.TIMER0_EnableInterrupt
                0x0000123e        0xc ./01-Source/01-MCAL/TIMER0/Src/Timer0.o
                0x0000123e                TIMER0_EnableInterrupt
 .text.TIMER0_DisableInterrupt
                0x0000124a        0xc ./01-Source/01-MCAL/TIMER0/Src/Timer0.o
                0x0000124a                TIMER0_DisableInterrupt
 .text.TIMER0_SetCompareValue
                0x00001256        0x4 ./01-Source/01-MCAL/TIMER0/Src/Timer0.o
                0x00001256                TIMER0_SetCompareValue
 .text.Spi_MasterWrite
                0x0000125a       0x10 ./01-Source/01-MCAL/SPI/Src/Spi.o
                0x0000125a                Spi_MasterWrite
 .text.Spi_MasterRead
                0x0000126a       0x12 ./01-Source/01-MCAL/SPI/Src/Spi.o
                0x0000126a                Spi_MasterRead
 .text.Spi_MasterTranseve
                0x0000127c       0x10 ./01-Source/01-MCAL/SPI/Src/Spi.o
                0x0000127c                Spi_MasterTranseve
 .text.Spi_SlaveRead
                0x0000128c        0xe ./01-Source/01-MCAL/SPI/Src/Spi.o
                0x0000128c                Spi_SlaveRead
 .text.Spi_SlaveWrite
                0x0000129a        0x4 ./01-Source/01-MCAL/SPI/Src/Spi.o
                0x0000129a                Spi_SlaveWrite
 .text.Spi_SlaveInit
                0x0000129e       0x3a ./01-Source/01-MCAL/SPI/Src/Spi.o
                0x0000129e                Spi_SlaveInit
 .text.Spi_MasterInit
                0x000012d8       0x4a ./01-Source/01-MCAL/SPI/Src/Spi.o
                0x000012d8                Spi_MasterInit
 .text.I2C_MasterInit
                0x00001322       0x10 ./01-Source/01-MCAL/I2C/Src/I2c.o
                0x00001322                I2C_MasterInit
 .text.I2C_SlaveInit
                0x00001332       0x1e ./01-Source/01-MCAL/I2C/Src/I2c.o
                0x00001332                I2C_SlaveInit
 .text.I2C_StopCondition
                0x00001350       0x12 ./01-Source/01-MCAL/I2C/Src/I2c.o
                0x00001350                I2C_StopCondition
 .text.I2C_WriteByte
                0x00001362       0x14 ./01-Source/01-MCAL/I2C/Src/I2c.o
                0x00001362                I2C_WriteByte
 .text.I2C_ReadByte
                0x00001376       0x14 ./01-Source/01-MCAL/I2C/Src/I2c.o
                0x00001376                I2C_ReadByte
 .text.I2C_ReadStatus
                0x0000138a        0x6 ./01-Source/01-MCAL/I2C/Src/I2c.o
                0x0000138a                I2C_ReadStatus
 .text.I2C_Send_SlaveAddressReadOperation
                0x00001390       0x18 ./01-Source/01-MCAL/I2C/Src/I2c.o
                0x00001390                I2C_Send_SlaveAddressReadOperation
 .text.I2C_Send_SlaveAddressWriteOperation
                0x000013a8       0x16 ./01-Source/01-MCAL/I2C/Src/I2c.o
                0x000013a8                I2C_Send_SlaveAddressWriteOperation
 .text.I2C_RepeatedStartCondition
                0x000013be       0x20 ./01-Source/01-MCAL/I2C/Src/I2c.o
                0x000013be                I2C_RepeatedStartCondition
 .text.I2C_StartCondition
                0x000013de       0x1e ./01-Source/01-MCAL/I2C/Src/I2c.o
                0x000013de                I2C_StartCondition
 .text.Glbl_Interrupt_Enable
                0x000013fc        0xc ./01-Source/01-MCAL/GLBL_INT/Src/Glbl_INT.o
                0x000013fc                Glbl_Interrupt_Enable
 .text.Glbl_Interrupt_Disable
                0x00001408        0xc ./01-Source/01-MCAL/GLBL_INT/Src/Glbl_INT.o
                0x00001408                Glbl_Interrupt_Disable
 .text.Ext_Interrupt_Enable
                0x00001414       0x32 ./01-Source/01-MCAL/EXT_INT/Src/Ext_INT.o
                0x00001414                Ext_Interrupt_Enable
 .text.Ext_Interrupt_Disable
                0x00001446       0x32 ./01-Source/01-MCAL/EXT_INT/Src/Ext_INT.o
                0x00001446                Ext_Interrupt_Disable
 .text.Ext_Interrupt_SncControl
                0x00001478       0x4c ./01-Source/01-MCAL/EXT_INT/Src/Ext_INT.o
                0x00001478                Ext_Interrupt_SncControl
 .text.Dio_ConfigChannel
                0x000014c4       0xfe ./01-Source/01-MCAL/DIO/Src/Dio.o
                0x000014c4                Dio_ConfigChannel
 .text.Dio_WriteChannel
                0x000015c2       0xfe ./01-Source/01-MCAL/DIO/Src/Dio.o
                0x000015c2                Dio_WriteChannel
 .text.Dio_WriteGroup
                0x000016c0       0x5e ./01-Source/01-MCAL/DIO/Src/Dio.o
                0x000016c0                Dio_WriteGroup
 .text.Dio_TogglChannel
                0x0000171e       0x7a ./01-Source/01-MCAL/DIO/Src/Dio.o
                0x0000171e                Dio_TogglChannel
 .text.Dio_ReadChannel
                0x00001798       0x5c ./01-Source/01-MCAL/DIO/Src/Dio.o
                0x00001798                Dio_ReadChannel
 .text.adcInit  0x000017f4       0x10 ./01-Source/01-MCAL/ADC/Src/Adc.o
                0x000017f4                adcInit
 .text.adcRead  0x00001804       0x3a ./01-Source/01-MCAL/ADC/Src/Adc.o
                0x00001804                adcRead
 .text.libgcc   0x0000183e       0x18 c:/winavr-20100110/bin/../lib/gcc/avr/4.3.3/avr5\libgcc.a(_udivmodqi4.o)
                0x0000183e                __udivmodqi4
 .text.libgcc   0x00001856       0x28 c:/winavr-20100110/bin/../lib/gcc/avr/4.3.3/avr5\libgcc.a(_udivmodhi4.o)
                0x00001856                __udivmodhi4
 .text.libgcc   0x0000187e        0x0 c:/winavr-20100110/bin/../lib/gcc/avr/4.3.3/avr5\libgcc.a(_exit.o)
 .text.libgcc   0x0000187e        0x0 c:/winavr-20100110/bin/../lib/gcc/avr/4.3.3/avr5\libgcc.a(_copy_data.o)
 .text.libgcc   0x0000187e        0x0 c:/winavr-20100110/bin/../lib/gcc/avr/4.3.3/avr5\libgcc.a(_clear_bss.o)
 .text.libgcc   0x0000187e       0x38 c:/winavr-20100110/bin/../lib/gcc/avr/4.3.3/avr5\libgcc.a(_prologue.o)
                0x0000187e                __prologue_saves__
 .text.libgcc   0x000018b6       0x36 c:/winavr-20100110/bin/../lib/gcc/avr/4.3.3/avr5\libgcc.a(_epilogue.o)
                0x000018b6                __epilogue_restores__
                0x000018ec                . = ALIGN (0x2)
 *(.fini9)
 .fini9         0x000018ec        0x0 c:/winavr-20100110/bin/../lib/gcc/avr/4.3.3/avr5\libgcc.a(_exit.o)
                0x000018ec                exit
                0x000018ec                _exit
 *(.fini9)
 *(.fini8)
 *(.fini8)
 *(.fini7)
 *(.fini7)
 *(.fini6)
 *(.fini6)
 *(.fini5)
 *(.fini5)
 *(.fini4)
 *(.fini4)
 *(.fini3)
 *(.fini3)
 *(.fini2)
 *(.fini2)
 *(.fini1)
 *(.fini1)
 *(.fini0)
 .fini0         0x000018ec        0x4 c:/winavr-20100110/bin/../lib/gcc/avr/4.3.3/avr5\libgcc.a(_exit.o)
 *(.fini0)
                0x000018f0                _etext = .

.data           0x00800060      0x15a load address 0x000018f0
                0x00800060                PROVIDE (__data_start, .)
 *(.data)
 .data          0x00800060        0x0 c:/winavr-20100110/bin/../lib/gcc/avr/4.3.3/../../../../avr/lib/avr5/crtm32.o
 .data          0x00800060       0x12 ./01-Source/04-Application/main.o
 .data          0x00800072        0x0 ./01-Source/02-HAL/SSD/Src/SSD.o
 .data          0x00800072        0x0 ./01-Source/02-HAL/LED/Src/Led.o
 .data          0x00800072        0x0 ./01-Source/02-HAL/LCD/Src/Lcd.o
 .data          0x00800072        0x0 ./01-Source/02-HAL/LCD/Src/Lcd_Cfg.o
 .data          0x00800072        0x0 ./01-Source/02-HAL/BUZZER/Src/Buzzer.o
 .data          0x00800072        0x0 ./01-Source/02-HAL/BUTTON/Src/Button.o
 .data          0x00800072        0x0 ./01-Source/01-MCAL/WDG/Src/Wdg.o
 .data          0x00800072        0x0 ./01-Source/01-MCAL/UART/Src/Uart.o
 .data          0x00800072        0x0 ./01-Source/01-MCAL/TIMER0/Src/Timer0.o
 .data          0x00800072        0x0 ./01-Source/01-MCAL/SPI/Src/Spi.o
 .data          0x00800072        0x0 ./01-Source/01-MCAL/I2C/Src/I2c.o
 .data          0x00800072        0x0 ./01-Source/01-MCAL/GLBL_INT/Src/Glbl_INT.o
 .data          0x00800072        0x0 ./01-Source/01-MCAL/EXT_INT/Src/Ext_INT.o
 .data          0x00800072        0x0 ./01-Source/01-MCAL/DIO/Src/Dio.o
 .data          0x00800072        0x0 ./01-Source/01-MCAL/ADC/Src/Adc.o
 .data          0x00800072        0x0 c:/winavr-20100110/bin/../lib/gcc/avr/4.3.3/avr5\libgcc.a(_udivmodqi4.o)
 .data          0x00800072        0x0 c:/winavr-20100110/bin/../lib/gcc/avr/4.3.3/avr5\libgcc.a(_udivmodhi4.o)
 .data          0x00800072        0x0 c:/winavr-20100110/bin/../lib/gcc/avr/4.3.3/avr5\libgcc.a(_exit.o)
 .data          0x00800072        0x0 c:/winavr-20100110/bin/../lib/gcc/avr/4.3.3/avr5\libgcc.a(_copy_data.o)
 .data          0x00800072        0x0 c:/winavr-20100110/bin/../lib/gcc/avr/4.3.3/avr5\libgcc.a(_clear_bss.o)
 .data          0x00800072        0x0 c:/winavr-20100110/bin/../lib/gcc/avr/4.3.3/avr5\libgcc.a(_fixunssfsi.o)
 .data          0x00800072        0x0 c:/winavr-20100110/bin/../lib/gcc/avr/4.3.3/avr5\libgcc.a(_addsub_sf.o)
 .data          0x00800072        0x0 c:/winavr-20100110/bin/../lib/gcc/avr/4.3.3/avr5\libgcc.a(_mul_sf.o)
 .data          0x00800072        0x0 c:/winavr-20100110/bin/../lib/gcc/avr/4.3.3/avr5\libgcc.a(_ge_sf.o)
 .data          0x00800072        0x0 c:/winavr-20100110/bin/../lib/gcc/avr/4.3.3/avr5\libgcc.a(_sf_to_si.o)
 .data          0x00800072        0x8 c:/winavr-20100110/bin/../lib/gcc/avr/4.3.3/avr5\libgcc.a(_thenan_sf.o)
                0x00800072                __thenan_sf
 .data          0x0080007a        0x0 c:/winavr-20100110/bin/../lib/gcc/avr/4.3.3/avr5\libgcc.a(_usi_to_sf.o)
 .data          0x0080007a        0x0 c:/winavr-20100110/bin/../lib/gcc/avr/4.3.3/avr5\libgcc.a(_prologue.o)
 .data          0x0080007a        0x0 c:/winavr-20100110/bin/../lib/gcc/avr/4.3.3/avr5\libgcc.a(_epilogue.o)
 .data          0x0080007a        0x0 c:/winavr-20100110/bin/../lib/gcc/avr/4.3.3/avr5\libgcc.a(_clzsi2.o)
 .data          0x0080007a        0x0 c:/winavr-20100110/bin/../lib/gcc/avr/4.3.3/avr5\libgcc.a(_pack_sf.o)
 .data          0x0080007a        0x0 c:/winavr-20100110/bin/../lib/gcc/avr/4.3.3/avr5\libgcc.a(_unpack_sf.o)
 .data          0x0080007a        0x0 c:/winavr-20100110/bin/../lib/gcc/avr/4.3.3/avr5\libgcc.a(_fpcmp_parts_sf.o)
 .data          0x0080007a      0x100 c:/winavr-20100110/bin/../lib/gcc/avr/4.3.3/avr5\libgcc.a(_clz.o)
                0x0080007a                __clz_tab
 *(.data*)
 .data.customChar
                0x0080017a       0x40 ./01-Source/02-HAL/LCD/Src/Lcd_Cfg.o
                0x0080017a                customChar
 *(.rodata)
 *(.rodata*)
 *(.gnu.linkonce.d*)
                0x008001ba                . = ALIGN (0x2)
                0x008001ba                _edata = .
                0x008001ba                PROVIDE (__data_end, .)

.bss            0x008001ba       0x1c
                0x008001ba                PROVIDE (__bss_start, .)
 *(.bss)
 .bss           0x008001ba        0x0 c:/winavr-20100110/bin/../lib/gcc/avr/4.3.3/../../../../avr/lib/avr5/crtm32.o
 .bss           0x008001ba        0x0 ./01-Source/04-Application/main.o
 .bss           0x008001ba        0x0 ./01-Source/02-HAL/SSD/Src/SSD.o
 .bss           0x008001ba        0x0 ./01-Source/02-HAL/LED/Src/Led.o
 .bss           0x008001ba        0x0 ./01-Source/02-HAL/LCD/Src/Lcd.o
 .bss           0x008001ba        0x0 ./01-Source/02-HAL/LCD/Src/Lcd_Cfg.o
 .bss           0x008001ba        0x0 ./01-Source/02-HAL/BUZZER/Src/Buzzer.o
 .bss           0x008001ba        0x0 ./01-Source/02-HAL/BUTTON/Src/Button.o
 .bss           0x008001ba        0x0 ./01-Source/01-MCAL/WDG/Src/Wdg.o
 .bss           0x008001ba        0x0 ./01-Source/01-MCAL/UART/Src/Uart.o
 .bss           0x008001ba        0x0 ./01-Source/01-MCAL/TIMER0/Src/Timer0.o
 .bss           0x008001ba        0x0 ./01-Source/01-MCAL/SPI/Src/Spi.o
 .bss           0x008001ba        0x0 ./01-Source/01-MCAL/I2C/Src/I2c.o
 .bss           0x008001ba        0x0 ./01-Source/01-MCAL/GLBL_INT/Src/Glbl_INT.o
 .bss           0x008001ba        0x0 ./01-Source/01-MCAL/EXT_INT/Src/Ext_INT.o
 .bss           0x008001ba        0x0 ./01-Source/01-MCAL/DIO/Src/Dio.o
 .bss           0x008001ba        0x0 ./01-Source/01-MCAL/ADC/Src/Adc.o
 .bss           0x008001ba        0x0 c:/winavr-20100110/bin/../lib/gcc/avr/4.3.3/avr5\libgcc.a(_udivmodqi4.o)
 .bss           0x008001ba        0x0 c:/winavr-20100110/bin/../lib/gcc/avr/4.3.3/avr5\libgcc.a(_udivmodhi4.o)
 .bss           0x008001ba        0x0 c:/winavr-20100110/bin/../lib/gcc/avr/4.3.3/avr5\libgcc.a(_exit.o)
 .bss           0x008001ba        0x0 c:/winavr-20100110/bin/../lib/gcc/avr/4.3.3/avr5\libgcc.a(_copy_data.o)
 .bss           0x008001ba        0x0 c:/winavr-20100110/bin/../lib/gcc/avr/4.3.3/avr5\libgcc.a(_clear_bss.o)
 .bss           0x008001ba        0x0 c:/winavr-20100110/bin/../lib/gcc/avr/4.3.3/avr5\libgcc.a(_fixunssfsi.o)
 .bss           0x008001ba        0x0 c:/winavr-20100110/bin/../lib/gcc/avr/4.3.3/avr5\libgcc.a(_addsub_sf.o)
 .bss           0x008001ba        0x0 c:/winavr-20100110/bin/../lib/gcc/avr/4.3.3/avr5\libgcc.a(_mul_sf.o)
 .bss           0x008001ba        0x0 c:/winavr-20100110/bin/../lib/gcc/avr/4.3.3/avr5\libgcc.a(_ge_sf.o)
 .bss           0x008001ba        0x0 c:/winavr-20100110/bin/../lib/gcc/avr/4.3.3/avr5\libgcc.a(_sf_to_si.o)
 .bss           0x008001ba        0x0 c:/winavr-20100110/bin/../lib/gcc/avr/4.3.3/avr5\libgcc.a(_thenan_sf.o)
 .bss           0x008001ba        0x0 c:/winavr-20100110/bin/../lib/gcc/avr/4.3.3/avr5\libgcc.a(_usi_to_sf.o)
 .bss           0x008001ba        0x0 c:/winavr-20100110/bin/../lib/gcc/avr/4.3.3/avr5\libgcc.a(_prologue.o)
 .bss           0x008001ba        0x0 c:/winavr-20100110/bin/../lib/gcc/avr/4.3.3/avr5\libgcc.a(_epilogue.o)
 .bss           0x008001ba        0x0 c:/winavr-20100110/bin/../lib/gcc/avr/4.3.3/avr5\libgcc.a(_clzsi2.o)
 .bss           0x008001ba        0x0 c:/winavr-20100110/bin/../lib/gcc/avr/4.3.3/avr5\libgcc.a(_pack_sf.o)
 .bss           0x008001ba        0x0 c:/winavr-20100110/bin/../lib/gcc/avr/4.3.3/avr5\libgcc.a(_unpack_sf.o)
 .bss           0x008001ba        0x0 c:/winavr-20100110/bin/../lib/gcc/avr/4.3.3/avr5\libgcc.a(_fpcmp_parts_sf.o)
 .bss           0x008001ba        0x0 c:/winavr-20100110/bin/../lib/gcc/avr/4.3.3/avr5\libgcc.a(_clz.o)
 *(.bss*)
 .bss.uartResult
                0x008001ba        0x1 ./01-Source/01-MCAL/UART/Src/Uart.o
                0x008001ba                uartResult
 .bss.UART_RxBuffer_Index
                0x008001bb        0x1 ./01-Source/01-MCAL/UART/Src/Uart.o
                0x008001bb                UART_RxBuffer_Index
 .bss.Rx_Buffer_Ready
                0x008001bc        0x1 ./01-Source/01-MCAL/UART/Src/Uart.o
                0x008001bc                Rx_Buffer_Ready
 *(COMMON)
 COMMON         0x008001bd       0x19 ./01-Source/01-MCAL/UART/Src/Uart.o
                0x008001bd                UART_RxBuffer
                0x008001d6                PROVIDE (__bss_end, .)
                0x000018f0                __data_load_start = LOADADDR (.data)
                0x00001a4a                __data_load_end = (__data_load_start + SIZEOF (.data))

.noinit         0x008001d6        0x0
                0x008001d6                PROVIDE (__noinit_start, .)
 *(.noinit*)
                0x008001d6                PROVIDE (__noinit_end, .)
                0x008001d6                _end = .
                0x008001d6                PROVIDE (__heap_start, .)

.eeprom         0x00810000        0x0
 *(.eeprom*)
                0x00810000                __eeprom_end = .

.fuse
 *(.fuse)
 *(.lfuse)
 *(.hfuse)
 *(.efuse)

.lock
 *(.lock*)

.signature
 *(.signature*)

.stab           0x00000000     0x2e44
 *(.stab)
 .stab          0x00000000      0x63c ./01-Source/04-Application/main.o
 .stab          0x0000063c      0x264 ./01-Source/02-HAL/SSD/Src/SSD.o
                                0x4f8 (size before relaxing)
 .stab          0x000008a0      0x258 ./01-Source/02-HAL/LED/Src/Led.o
                                0x390 (size before relaxing)
 .stab          0x00000af8      0x5d0 ./01-Source/02-HAL/LCD/Src/Lcd.o
                                0x888 (size before relaxing)
 .stab          0x000010c8      0x144 ./01-Source/02-HAL/LCD/Src/Lcd_Cfg.o
                                0x408 (size before relaxing)
 .stab          0x0000120c      0x1d4 ./01-Source/02-HAL/BUZZER/Src/Buzzer.o
                                0x2dc (size before relaxing)
 .stab          0x000013e0      0x1e0 ./01-Source/02-HAL/BUTTON/Src/Button.o
                                0x330 (size before relaxing)
 .stab          0x000015c0      0x1a4 ./01-Source/01-MCAL/WDG/Src/Wdg.o
                                0x234 (size before relaxing)
 .stab          0x00001764      0x378 ./01-Source/01-MCAL/UART/Src/Uart.o
                                0x660 (size before relaxing)
 .stab          0x00001adc      0x2a0 ./01-Source/01-MCAL/TIMER0/Src/Timer0.o
                                0x330 (size before relaxing)
 .stab          0x00001d7c      0x390 ./01-Source/01-MCAL/SPI/Src/Spi.o
                                0x498 (size before relaxing)
 .stab          0x0000210c      0x3cc ./01-Source/01-MCAL/I2C/Src/I2c.o
                                0x4d4 (size before relaxing)
 .stab          0x000024d8      0x174 ./01-Source/01-MCAL/GLBL_INT/Src/Glbl_INT.o
                                0x204 (size before relaxing)
 .stab          0x0000264c      0x228 ./01-Source/01-MCAL/EXT_INT/Src/Ext_INT.o
                                0x300 (size before relaxing)
 .stab          0x00002874      0x42c ./01-Source/01-MCAL/DIO/Src/Dio.o
                                0x534 (size before relaxing)
 .stab          0x00002ca0      0x1a4 ./01-Source/01-MCAL/ADC/Src/Adc.o
                                0x234 (size before relaxing)

.stabstr        0x00000000     0x1d57
 *(.stabstr)
 .stabstr       0x00000000     0x1d57 ./01-Source/04-Application/main.o

.stab.excl
 *(.stab.excl)

.stab.exclstr
 *(.stab.exclstr)

.stab.index
 *(.stab.index)

.stab.indexstr
 *(.stab.indexstr)

.comment
 *(.comment)

.debug
 *(.debug)

.line
 *(.line)

.debug_srcinfo
 *(.debug_srcinfo)

.debug_sfnames
 *(.debug_sfnames)

.debug_aranges  0x00000000      0x140
 *(.debug_aranges)
 .debug_aranges
                0x00000000       0x20 c:/winavr-20100110/bin/../lib/gcc/avr/4.3.3/avr5\libgcc.a(_fixunssfsi.o)
 .debug_aranges
                0x00000020       0x20 c:/winavr-20100110/bin/../lib/gcc/avr/4.3.3/avr5\libgcc.a(_addsub_sf.o)
 .debug_aranges
                0x00000040       0x20 c:/winavr-20100110/bin/../lib/gcc/avr/4.3.3/avr5\libgcc.a(_mul_sf.o)
 .debug_aranges
                0x00000060       0x20 c:/winavr-20100110/bin/../lib/gcc/avr/4.3.3/avr5\libgcc.a(_ge_sf.o)
 .debug_aranges
                0x00000080       0x20 c:/winavr-20100110/bin/../lib/gcc/avr/4.3.3/avr5\libgcc.a(_sf_to_si.o)
 .debug_aranges
                0x000000a0       0x20 c:/winavr-20100110/bin/../lib/gcc/avr/4.3.3/avr5\libgcc.a(_usi_to_sf.o)
 .debug_aranges
                0x000000c0       0x20 c:/winavr-20100110/bin/../lib/gcc/avr/4.3.3/avr5\libgcc.a(_clzsi2.o)
 .debug_aranges
                0x000000e0       0x20 c:/winavr-20100110/bin/../lib/gcc/avr/4.3.3/avr5\libgcc.a(_pack_sf.o)
 .debug_aranges
                0x00000100       0x20 c:/winavr-20100110/bin/../lib/gcc/avr/4.3.3/avr5\libgcc.a(_unpack_sf.o)
 .debug_aranges
                0x00000120       0x20 c:/winavr-20100110/bin/../lib/gcc/avr/4.3.3/avr5\libgcc.a(_fpcmp_parts_sf.o)

.debug_pubnames
                0x00000000      0x197
 *(.debug_pubnames)
 .debug_pubnames
                0x00000000       0x23 c:/winavr-20100110/bin/../lib/gcc/avr/4.3.3/avr5\libgcc.a(_fixunssfsi.o)
 .debug_pubnames
                0x00000023       0x2c c:/winavr-20100110/bin/../lib/gcc/avr/4.3.3/avr5\libgcc.a(_addsub_sf.o)
 .debug_pubnames
                0x0000004f       0x1f c:/winavr-20100110/bin/../lib/gcc/avr/4.3.3/avr5\libgcc.a(_mul_sf.o)
 .debug_pubnames
                0x0000006e       0x1e c:/winavr-20100110/bin/../lib/gcc/avr/4.3.3/avr5\libgcc.a(_ge_sf.o)
 .debug_pubnames
                0x0000008c       0x20 c:/winavr-20100110/bin/../lib/gcc/avr/4.3.3/avr5\libgcc.a(_sf_to_si.o)
 .debug_pubnames
                0x000000ac       0x22 c:/winavr-20100110/bin/../lib/gcc/avr/4.3.3/avr5\libgcc.a(_thenan_sf.o)
 .debug_pubnames
                0x000000ce       0x24 c:/winavr-20100110/bin/../lib/gcc/avr/4.3.3/avr5\libgcc.a(_usi_to_sf.o)
 .debug_pubnames
                0x000000f2       0x1f c:/winavr-20100110/bin/../lib/gcc/avr/4.3.3/avr5\libgcc.a(_clzsi2.o)
 .debug_pubnames
                0x00000111       0x1f c:/winavr-20100110/bin/../lib/gcc/avr/4.3.3/avr5\libgcc.a(_pack_sf.o)
 .debug_pubnames
                0x00000130       0x21 c:/winavr-20100110/bin/../lib/gcc/avr/4.3.3/avr5\libgcc.a(_unpack_sf.o)
 .debug_pubnames
                0x00000151       0x26 c:/winavr-20100110/bin/../lib/gcc/avr/4.3.3/avr5\libgcc.a(_fpcmp_parts_sf.o)
 .debug_pubnames
                0x00000177       0x20 c:/winavr-20100110/bin/../lib/gcc/avr/4.3.3/avr5\libgcc.a(_clz.o)

.debug_info     0x00000000     0x1b11
 *(.debug_info)
 .debug_info    0x00000000       0xb1 c:/winavr-20100110/bin/../lib/gcc/avr/4.3.3/avr5\libgcc.a(_fixunssfsi.o)
 .debug_info    0x000000b1      0x47a c:/winavr-20100110/bin/../lib/gcc/avr/4.3.3/avr5\libgcc.a(_addsub_sf.o)
 .debug_info    0x0000052b      0x485 c:/winavr-20100110/bin/../lib/gcc/avr/4.3.3/avr5\libgcc.a(_mul_sf.o)
 .debug_info    0x000009b0      0x27f c:/winavr-20100110/bin/../lib/gcc/avr/4.3.3/avr5\libgcc.a(_ge_sf.o)
 .debug_info    0x00000c2f      0x2b0 c:/winavr-20100110/bin/../lib/gcc/avr/4.3.3/avr5\libgcc.a(_sf_to_si.o)
 .debug_info    0x00000edf      0x12c c:/winavr-20100110/bin/../lib/gcc/avr/4.3.3/avr5\libgcc.a(_thenan_sf.o)
 .debug_info    0x0000100b      0x206 c:/winavr-20100110/bin/../lib/gcc/avr/4.3.3/avr5\libgcc.a(_usi_to_sf.o)
 .debug_info    0x00001211      0x117 c:/winavr-20100110/bin/../lib/gcc/avr/4.3.3/avr5\libgcc.a(_clzsi2.o)
 .debug_info    0x00001328      0x2df c:/winavr-20100110/bin/../lib/gcc/avr/4.3.3/avr5\libgcc.a(_pack_sf.o)
 .debug_info    0x00001607      0x251 c:/winavr-20100110/bin/../lib/gcc/avr/4.3.3/avr5\libgcc.a(_unpack_sf.o)
 .debug_info    0x00001858      0x210 c:/winavr-20100110/bin/../lib/gcc/avr/4.3.3/avr5\libgcc.a(_fpcmp_parts_sf.o)
 .debug_info    0x00001a68       0xa9 c:/winavr-20100110/bin/../lib/gcc/avr/4.3.3/avr5\libgcc.a(_clz.o)
 *(.gnu.linkonce.wi.*)

.debug_abbrev   0x00000000      0xebc
 *(.debug_abbrev)
 .debug_abbrev  0x00000000       0x5d c:/winavr-20100110/bin/../lib/gcc/avr/4.3.3/avr5\libgcc.a(_fixunssfsi.o)
 .debug_abbrev  0x0000005d      0x1ea c:/winavr-20100110/bin/../lib/gcc/avr/4.3.3/avr5\libgcc.a(_addsub_sf.o)
 .debug_abbrev  0x00000247      0x21b c:/winavr-20100110/bin/../lib/gcc/avr/4.3.3/avr5\libgcc.a(_mul_sf.o)
 .debug_abbrev  0x00000462      0x15a c:/winavr-20100110/bin/../lib/gcc/avr/4.3.3/avr5\libgcc.a(_ge_sf.o)
 .debug_abbrev  0x000005bc      0x17f c:/winavr-20100110/bin/../lib/gcc/avr/4.3.3/avr5\libgcc.a(_sf_to_si.o)
 .debug_abbrev  0x0000073b       0xad c:/winavr-20100110/bin/../lib/gcc/avr/4.3.3/avr5\libgcc.a(_thenan_sf.o)
 .debug_abbrev  0x000007e8      0x157 c:/winavr-20100110/bin/../lib/gcc/avr/4.3.3/avr5\libgcc.a(_usi_to_sf.o)
 .debug_abbrev  0x0000093f       0xc4 c:/winavr-20100110/bin/../lib/gcc/avr/4.3.3/avr5\libgcc.a(_clzsi2.o)
 .debug_abbrev  0x00000a03      0x1c0 c:/winavr-20100110/bin/../lib/gcc/avr/4.3.3/avr5\libgcc.a(_pack_sf.o)
 .debug_abbrev  0x00000bc3      0x154 c:/winavr-20100110/bin/../lib/gcc/avr/4.3.3/avr5\libgcc.a(_unpack_sf.o)
 .debug_abbrev  0x00000d17      0x13b c:/winavr-20100110/bin/../lib/gcc/avr/4.3.3/avr5\libgcc.a(_fpcmp_parts_sf.o)
 .debug_abbrev  0x00000e52       0x6a c:/winavr-20100110/bin/../lib/gcc/avr/4.3.3/avr5\libgcc.a(_clz.o)

.debug_line     0x00000000      0xe5b
 *(.debug_line)
 .debug_line    0x00000000       0xa7 c:/winavr-20100110/bin/../lib/gcc/avr/4.3.3/avr5\libgcc.a(_fixunssfsi.o)
 .debug_line    0x000000a7      0x2af c:/winavr-20100110/bin/../lib/gcc/avr/4.3.3/avr5\libgcc.a(_addsub_sf.o)
 .debug_line    0x00000356      0x239 c:/winavr-20100110/bin/../lib/gcc/avr/4.3.3/avr5\libgcc.a(_mul_sf.o)
 .debug_line    0x0000058f       0xd3 c:/winavr-20100110/bin/../lib/gcc/avr/4.3.3/avr5\libgcc.a(_ge_sf.o)
 .debug_line    0x00000662      0x109 c:/winavr-20100110/bin/../lib/gcc/avr/4.3.3/avr5\libgcc.a(_sf_to_si.o)
 .debug_line    0x0000076b       0x90 c:/winavr-20100110/bin/../lib/gcc/avr/4.3.3/avr5\libgcc.a(_thenan_sf.o)
 .debug_line    0x000007fb      0x133 c:/winavr-20100110/bin/../lib/gcc/avr/4.3.3/avr5\libgcc.a(_usi_to_sf.o)
 .debug_line    0x0000092e       0xa5 c:/winavr-20100110/bin/../lib/gcc/avr/4.3.3/avr5\libgcc.a(_clzsi2.o)
 .debug_line    0x000009d3      0x18a c:/winavr-20100110/bin/../lib/gcc/avr/4.3.3/avr5\libgcc.a(_pack_sf.o)
 .debug_line    0x00000b5d      0x14b c:/winavr-20100110/bin/../lib/gcc/avr/4.3.3/avr5\libgcc.a(_unpack_sf.o)
 .debug_line    0x00000ca8      0x137 c:/winavr-20100110/bin/../lib/gcc/avr/4.3.3/avr5\libgcc.a(_fpcmp_parts_sf.o)
 .debug_line    0x00000ddf       0x7c c:/winavr-20100110/bin/../lib/gcc/avr/4.3.3/avr5\libgcc.a(_clz.o)

.debug_frame    0x00000000      0x160
 *(.debug_frame)
 .debug_frame   0x00000000       0x20 c:/winavr-20100110/bin/../lib/gcc/avr/4.3.3/avr5\libgcc.a(_fixunssfsi.o)
 .debug_frame   0x00000020       0x40 c:/winavr-20100110/bin/../lib/gcc/avr/4.3.3/avr5\libgcc.a(_addsub_sf.o)
 .debug_frame   0x00000060       0x20 c:/winavr-20100110/bin/../lib/gcc/avr/4.3.3/avr5\libgcc.a(_mul_sf.o)
 .debug_frame   0x00000080       0x20 c:/winavr-20100110/bin/../lib/gcc/avr/4.3.3/avr5\libgcc.a(_ge_sf.o)
 .debug_frame   0x000000a0       0x20 c:/winavr-20100110/bin/../lib/gcc/avr/4.3.3/avr5\libgcc.a(_sf_to_si.o)
 .debug_frame   0x000000c0       0x20 c:/winavr-20100110/bin/../lib/gcc/avr/4.3.3/avr5\libgcc.a(_usi_to_sf.o)
 .debug_frame   0x000000e0       0x20 c:/winavr-20100110/bin/../lib/gcc/avr/4.3.3/avr5\libgcc.a(_clzsi2.o)
 .debug_frame   0x00000100       0x20 c:/winavr-20100110/bin/../lib/gcc/avr/4.3.3/avr5\libgcc.a(_pack_sf.o)
 .debug_frame   0x00000120       0x20 c:/winavr-20100110/bin/../lib/gcc/avr/4.3.3/avr5\libgcc.a(_unpack_sf.o)
 .debug_frame   0x00000140       0x20 c:/winavr-20100110/bin/../lib/gcc/avr/4.3.3/avr5\libgcc.a(_fpcmp_parts_sf.o)

.debug_str      0x00000000      0x2b1
 *(.debug_str)
 .debug_str     0x00000000       0xbf c:/winavr-20100110/bin/../lib/gcc/avr/4.3.3/avr5\libgcc.a(_fixunssfsi.o)
                                 0xfe (size before relaxing)
 .debug_str     0x000000bf      0x14d c:/winavr-20100110/bin/../lib/gcc/avr/4.3.3/avr5\libgcc.a(_addsub_sf.o)
                                0x206 (size before relaxing)
 .debug_str     0x0000020c       0x27 c:/winavr-20100110/bin/../lib/gcc/avr/4.3.3/avr5\libgcc.a(_mul_sf.o)
                                0x1bf (size before relaxing)
 .debug_str     0x00000233        0x8 c:/winavr-20100110/bin/../lib/gcc/avr/4.3.3/avr5\libgcc.a(_ge_sf.o)
                                0x195 (size before relaxing)
 .debug_str     0x0000023b        0xa c:/winavr-20100110/bin/../lib/gcc/avr/4.3.3/avr5\libgcc.a(_sf_to_si.o)
                                0x19e (size before relaxing)
 .debug_str     0x00000000      0x103 c:/winavr-20100110/bin/../lib/gcc/avr/4.3.3/avr5\libgcc.a(_thenan_sf.o)
 .debug_str     0x00000245       0x21 c:/winavr-20100110/bin/../lib/gcc/avr/4.3.3/avr5\libgcc.a(_usi_to_sf.o)
                                0x177 (size before relaxing)
 .debug_str     0x00000266       0x20 c:/winavr-20100110/bin/../lib/gcc/avr/4.3.3/avr5\libgcc.a(_clzsi2.o)
                                0x111 (size before relaxing)
 .debug_str     0x00000286       0x10 c:/winavr-20100110/bin/../lib/gcc/avr/4.3.3/avr5\libgcc.a(_pack_sf.o)
                                0x19d (size before relaxing)
 .debug_str     0x00000296        0xb c:/winavr-20100110/bin/../lib/gcc/avr/4.3.3/avr5\libgcc.a(_unpack_sf.o)
                                0x17f (size before relaxing)
 .debug_str     0x000002a1       0x10 c:/winavr-20100110/bin/../lib/gcc/avr/4.3.3/avr5\libgcc.a(_fpcmp_parts_sf.o)
                                0x163 (size before relaxing)
 .debug_str     0x00000000       0xf4 c:/winavr-20100110/bin/../lib/gcc/avr/4.3.3/avr5\libgcc.a(_clz.o)

.debug_loc      0x00000000      0x836
 *(.debug_loc)
 .debug_loc     0x00000000       0x34 c:/winavr-20100110/bin/../lib/gcc/avr/4.3.3/avr5\libgcc.a(_fixunssfsi.o)
 .debug_loc     0x00000034      0x32a c:/winavr-20100110/bin/../lib/gcc/avr/4.3.3/avr5\libgcc.a(_addsub_sf.o)
 .debug_loc     0x0000035e      0x104 c:/winavr-20100110/bin/../lib/gcc/avr/4.3.3/avr5\libgcc.a(_mul_sf.o)
 .debug_loc     0x00000462       0x3c c:/winavr-20100110/bin/../lib/gcc/avr/4.3.3/avr5\libgcc.a(_ge_sf.o)
 .debug_loc     0x0000049e       0x7e c:/winavr-20100110/bin/../lib/gcc/avr/4.3.3/avr5\libgcc.a(_sf_to_si.o)
 .debug_loc     0x0000051c       0x4c c:/winavr-20100110/bin/../lib/gcc/avr/4.3.3/avr5\libgcc.a(_usi_to_sf.o)
 .debug_loc     0x00000568       0x94 c:/winavr-20100110/bin/../lib/gcc/avr/4.3.3/avr5\libgcc.a(_clzsi2.o)
 .debug_loc     0x000005fc      0x13e c:/winavr-20100110/bin/../lib/gcc/avr/4.3.3/avr5\libgcc.a(_pack_sf.o)
 .debug_loc     0x0000073a       0xac c:/winavr-20100110/bin/../lib/gcc/avr/4.3.3/avr5\libgcc.a(_unpack_sf.o)
 .debug_loc     0x000007e6       0x50 c:/winavr-20100110/bin/../lib/gcc/avr/4.3.3/avr5\libgcc.a(_fpcmp_parts_sf.o)

.debug_macinfo
 *(.debug_macinfo)
OUTPUT(Amit_D24_Interfacing.elf elf32-avr)
LOAD linker stubs

.debug_ranges   0x00000000       0x50
 .debug_ranges  0x00000000       0x50 c:/winavr-20100110/bin/../lib/gcc/avr/4.3.3/avr5\libgcc.a(_mul_sf.o)
