Archive member included because of file (symbol)

c:/winavr-20100110/bin/../lib/gcc/avr/4.3.3/avr5\libgcc.a(_udivmodqi4.o)
                              ./01-Source/02-HAL/SSD/Src/SSD.o (__udivmodqi4)
c:/winavr-20100110/bin/../lib/gcc/avr/4.3.3/avr5\libgcc.a(_udivmodhi4.o)
                              ./01-Source/02-HAL/LCD/Src/Lcd.o (__udivmodhi4)
c:/winavr-20100110/bin/../lib/gcc/avr/4.3.3/avr5\libgcc.a(_exit.o)
                              c:/winavr-20100110/bin/../lib/gcc/avr/4.3.3/../../../../avr/lib/avr5/crtm32.o (exit)
c:/winavr-20100110/bin/../lib/gcc/avr/4.3.3/avr5\libgcc.a(_copy_data.o)
                              ./01-Source/05-OS/Src/tasks.o (__do_copy_data)
c:/winavr-20100110/bin/../lib/gcc/avr/4.3.3/avr5\libgcc.a(_clear_bss.o)
                              ./01-Source/05-OS/Src/croutine.o (__do_clear_bss)
c:/winavr-20100110/bin/../lib/gcc/avr/4.3.3/avr5\libgcc.a(_fixunssfsi.o)
                              ./01-Source/02-HAL/LCD/Src/Lcd.o (__fixunssfsi)
c:/winavr-20100110/bin/../lib/gcc/avr/4.3.3/avr5\libgcc.a(_addsub_sf.o)
                              ./01-Source/02-HAL/LCD/Src/Lcd.o (__subsf3)
c:/winavr-20100110/bin/../lib/gcc/avr/4.3.3/avr5\libgcc.a(_mul_sf.o)
                              ./01-Source/02-HAL/LCD/Src/Lcd.o (__mulsf3)
c:/winavr-20100110/bin/../lib/gcc/avr/4.3.3/avr5\libgcc.a(_ge_sf.o)
                              c:/winavr-20100110/bin/../lib/gcc/avr/4.3.3/avr5\libgcc.a(_fixunssfsi.o) (__gesf2)
c:/winavr-20100110/bin/../lib/gcc/avr/4.3.3/avr5\libgcc.a(_sf_to_si.o)
                              c:/winavr-20100110/bin/../lib/gcc/avr/4.3.3/avr5\libgcc.a(_fixunssfsi.o) (__fixsfsi)
c:/winavr-20100110/bin/../lib/gcc/avr/4.3.3/avr5\libgcc.a(_thenan_sf.o)
                              c:/winavr-20100110/bin/../lib/gcc/avr/4.3.3/avr5\libgcc.a(_addsub_sf.o) (__thenan_sf)
c:/winavr-20100110/bin/../lib/gcc/avr/4.3.3/avr5\libgcc.a(_usi_to_sf.o)
                              ./01-Source/02-HAL/LCD/Src/Lcd.o (__floatunsisf)
c:/winavr-20100110/bin/../lib/gcc/avr/4.3.3/avr5\libgcc.a(_prologue.o)
                              c:/winavr-20100110/bin/../lib/gcc/avr/4.3.3/avr5\libgcc.a(_addsub_sf.o) (__prologue_saves__)
c:/winavr-20100110/bin/../lib/gcc/avr/4.3.3/avr5\libgcc.a(_epilogue.o)
                              c:/winavr-20100110/bin/../lib/gcc/avr/4.3.3/avr5\libgcc.a(_addsub_sf.o) (__epilogue_restores__)
c:/winavr-20100110/bin/../lib/gcc/avr/4.3.3/avr5\libgcc.a(_clzsi2.o)
                              c:/winavr-20100110/bin/../lib/gcc/avr/4.3.3/avr5\libgcc.a(_usi_to_sf.o) (__clzsi2)
c:/winavr-20100110/bin/../lib/gcc/avr/4.3.3/avr5\libgcc.a(_pack_sf.o)
                              c:/winavr-20100110/bin/../lib/gcc/avr/4.3.3/avr5\libgcc.a(_addsub_sf.o) (__pack_f)
c:/winavr-20100110/bin/../lib/gcc/avr/4.3.3/avr5\libgcc.a(_unpack_sf.o)
                              c:/winavr-20100110/bin/../lib/gcc/avr/4.3.3/avr5\libgcc.a(_addsub_sf.o) (__unpack_f)
c:/winavr-20100110/bin/../lib/gcc/avr/4.3.3/avr5\libgcc.a(_fpcmp_parts_sf.o)
                              c:/winavr-20100110/bin/../lib/gcc/avr/4.3.3/avr5\libgcc.a(_ge_sf.o) (__fpcmp_parts_f)
c:/winavr-20100110/bin/../lib/gcc/avr/4.3.3/avr5\libgcc.a(_clz.o)
                              c:/winavr-20100110/bin/../lib/gcc/avr/4.3.3/avr5\libgcc.a(_clzsi2.o) (__clz_tab)
c:/winavr-20100110/bin/../lib/gcc/avr/4.3.3/../../../../avr/lib/avr5\libc.a(memcpy.o)
                              ./01-Source/05-OS/Src/queue.o (memcpy)
c:/winavr-20100110/bin/../lib/gcc/avr/4.3.3/../../../../avr/lib/avr5\libc.a(memset.o)
                              ./01-Source/05-OS/Src/tasks.o (memset)
c:/winavr-20100110/bin/../lib/gcc/avr/4.3.3/../../../../avr/lib/avr5\libc.a(strncpy.o)
                              ./01-Source/05-OS/Src/tasks.o (strncpy)

Allocating common symbols
Common symbol       size              file

UART_RxBuffer       0x19              ./01-Source/01-MCAL/UART/Src/Uart.o

Memory Configuration

Name             Origin             Length             Attributes
text             0x00000000         0x00020000         xr
data             0x00800060         0x0000ffa0         rw !x
eeprom           0x00810000         0x00010000         rw !x
fuse             0x00820000         0x00000400         rw !x
lock             0x00830000         0x00000400         rw !x
signature        0x00840000         0x00000400         rw !x
*default*        0x00000000         0xffffffff

Linker script and memory map

LOAD c:/winavr-20100110/bin/../lib/gcc/avr/4.3.3/../../../../avr/lib/avr5/crtm32.o
LOAD ./01-Source/05-OS/Src/croutine.o
LOAD ./01-Source/05-OS/Src/heap_1.o
LOAD ./01-Source/05-OS/Src/port.o
LOAD ./01-Source/05-OS/Src/queue.o
LOAD ./01-Source/05-OS/Src/tasks.o
LOAD ./01-Source/05-OS/Src/timers.o
LOAD ./01-Source/05-OS/Inc/list.o
LOAD ./01-Source/04-Application/main.o
LOAD ./01-Source/02-HAL/SSD/Src/SSD.o
LOAD ./01-Source/02-HAL/LED/Src/Led.o
LOAD ./01-Source/02-HAL/LCD/Src/Lcd.o
LOAD ./01-Source/02-HAL/LCD/Src/Lcd_Cfg.o
LOAD ./01-Source/02-HAL/KEYPAD/Src/KeyPad.o
LOAD ./01-Source/02-HAL/EEPROM24C16/Src/Eeprom24C16.o
LOAD ./01-Source/02-HAL/BUZZER/Src/Buzzer.o
LOAD ./01-Source/02-HAL/BUTTON/Src/Button.o
LOAD ./01-Source/01-MCAL/WDG/Src/Wdg.o
LOAD ./01-Source/01-MCAL/UART/Src/Uart.o
LOAD ./01-Source/01-MCAL/TIMER0/Src/Timer0.o
LOAD ./01-Source/01-MCAL/SPI/Src/Spi.o
LOAD ./01-Source/01-MCAL/I2C/Src/I2c.o
LOAD ./01-Source/01-MCAL/GLBL_INT/Src/Glbl_INT.o
LOAD ./01-Source/01-MCAL/EXT_INT/Src/Ext_INT.o
LOAD ./01-Source/01-MCAL/EEPROM/Src/Eeprom.o
LOAD ./01-Source/01-MCAL/DIO/Src/Dio.o
LOAD ./01-Source/01-MCAL/ADC/Src/Adc.o
LOAD c:/winavr-20100110/bin/../lib/gcc/avr/4.3.3/avr5\libgcc.a
LOAD c:/winavr-20100110/bin/../lib/gcc/avr/4.3.3/../../../../avr/lib/avr5\libc.a
LOAD c:/winavr-20100110/bin/../lib/gcc/avr/4.3.3/avr5\libgcc.a

.hash
 *(.hash)

.dynsym
 *(.dynsym)

.dynstr
 *(.dynstr)

.gnu.version
 *(.gnu.version)

.gnu.version_d
 *(.gnu.version_d)

.gnu.version_r
 *(.gnu.version_r)

.rel.init
 *(.rel.init)

.rela.init
 *(.rela.init)

.rel.text
 *(.rel.text)
 *(.rel.text.*)
 *(.rel.gnu.linkonce.t*)

.rela.text
 *(.rela.text)
 *(.rela.text.*)
 *(.rela.gnu.linkonce.t*)

.rel.fini
 *(.rel.fini)

.rela.fini
 *(.rela.fini)

.rel.rodata
 *(.rel.rodata)
 *(.rel.rodata.*)
 *(.rel.gnu.linkonce.r*)

.rela.rodata
 *(.rela.rodata)
 *(.rela.rodata.*)
 *(.rela.gnu.linkonce.r*)

.rel.data
 *(.rel.data)
 *(.rel.data.*)
 *(.rel.gnu.linkonce.d*)

.rela.data
 *(.rela.data)
 *(.rela.data.*)
 *(.rela.gnu.linkonce.d*)

.rel.ctors
 *(.rel.ctors)

.rela.ctors
 *(.rela.ctors)

.rel.dtors
 *(.rel.dtors)

.rela.dtors
 *(.rela.dtors)

.rel.got
 *(.rel.got)

.rela.got
 *(.rela.got)

.rel.bss
 *(.rel.bss)

.rela.bss
 *(.rela.bss)

.rel.plt
 *(.rel.plt)

.rela.plt
 *(.rela.plt)

.text           0x00000000     0x332a
 *(.vectors)
 .vectors       0x00000000       0x54 c:/winavr-20100110/bin/../lib/gcc/avr/4.3.3/../../../../avr/lib/avr5/crtm32.o
                0x00000000                __vectors
                0x00000000                __vector_default
 *(.vectors)
 *(.progmem.gcc*)
 *(.progmem*)
                0x00000054                . = ALIGN (0x2)
                0x00000054                __trampolines_start = .
 *(.trampolines)
 .trampolines   0x00000054        0x0 linker stubs
 *(.trampolines*)
                0x00000054                __trampolines_end = .
 *(.jumptables)
 *(.jumptables*)
 *(.lowtext)
 *(.lowtext*)
                0x00000054                __ctors_start = .
 *(.ctors)
                0x00000054                __ctors_end = .
                0x00000054                __dtors_start = .
 *(.dtors)
                0x00000054                __dtors_end = .
 SORT(*)(.ctors)
 SORT(*)(.dtors)
 *(.init0)
 .init0         0x00000054        0x0 c:/winavr-20100110/bin/../lib/gcc/avr/4.3.3/../../../../avr/lib/avr5/crtm32.o
                0x00000054                __init
 *(.init0)
 *(.init1)
 *(.init1)
 *(.init2)
 .init2         0x00000054        0xc c:/winavr-20100110/bin/../lib/gcc/avr/4.3.3/../../../../avr/lib/avr5/crtm32.o
 *(.init2)
 *(.init3)
 *(.init3)
 *(.init4)
 .init4         0x00000060       0x16 c:/winavr-20100110/bin/../lib/gcc/avr/4.3.3/avr5\libgcc.a(_copy_data.o)
                0x00000060                __do_copy_data
 .init4         0x00000076       0x10 c:/winavr-20100110/bin/../lib/gcc/avr/4.3.3/avr5\libgcc.a(_clear_bss.o)
                0x00000076                __do_clear_bss
 *(.init4)
 *(.init5)
 *(.init5)
 *(.init6)
 *(.init6)
 *(.init7)
 *(.init7)
 *(.init8)
 *(.init8)
 *(.init9)
 .init9         0x00000086        0x8 c:/winavr-20100110/bin/../lib/gcc/avr/4.3.3/../../../../avr/lib/avr5/crtm32.o
 *(.init9)
 *(.text)
 .text          0x0000008e        0x4 c:/winavr-20100110/bin/../lib/gcc/avr/4.3.3/../../../../avr/lib/avr5/crtm32.o
                0x0000008e                __vector_1
                0x0000008e                __vector_12
                0x0000008e                __bad_interrupt
                0x0000008e                __vector_6
                0x0000008e                __vector_3
                0x0000008e                __vector_11
                0x0000008e                __vector_17
                0x0000008e                __vector_19
                0x0000008e                __vector_5
                0x0000008e                __vector_4
                0x0000008e                __vector_9
                0x0000008e                __vector_2
                0x0000008e                __vector_15
                0x0000008e                __vector_8
                0x0000008e                __vector_14
                0x0000008e                __vector_10
                0x0000008e                __vector_16
                0x0000008e                __vector_18
                0x0000008e                __vector_20
 .text          0x00000092        0x0 ./01-Source/05-OS/Src/croutine.o
 .text          0x00000092        0x0 ./01-Source/05-OS/Src/heap_1.o
 .text          0x00000092        0x0 ./01-Source/05-OS/Src/port.o
 .text          0x00000092        0x0 ./01-Source/05-OS/Src/queue.o
 .text          0x00000092        0x0 ./01-Source/05-OS/Src/tasks.o
 .text          0x00000092        0x0 ./01-Source/05-OS/Src/timers.o
 .text          0x00000092        0x0 ./01-Source/05-OS/Inc/list.o
 .text          0x00000092        0x0 ./01-Source/04-Application/main.o
 .text          0x00000092        0x0 ./01-Source/02-HAL/SSD/Src/SSD.o
 .text          0x00000092        0x0 ./01-Source/02-HAL/LED/Src/Led.o
 .text          0x00000092        0x0 ./01-Source/02-HAL/LCD/Src/Lcd.o
 .text          0x00000092        0x0 ./01-Source/02-HAL/LCD/Src/Lcd_Cfg.o
 .text          0x00000092        0x0 ./01-Source/02-HAL/KEYPAD/Src/KeyPad.o
 .text          0x00000092        0x0 ./01-Source/02-HAL/EEPROM24C16/Src/Eeprom24C16.o
 .text          0x00000092        0x0 ./01-Source/02-HAL/BUZZER/Src/Buzzer.o
 .text          0x00000092        0x0 ./01-Source/02-HAL/BUTTON/Src/Button.o
 .text          0x00000092        0x0 ./01-Source/01-MCAL/WDG/Src/Wdg.o
 .text          0x00000092        0x0 ./01-Source/01-MCAL/UART/Src/Uart.o
 .text          0x00000092        0x0 ./01-Source/01-MCAL/TIMER0/Src/Timer0.o
 .text          0x00000092        0x0 ./01-Source/01-MCAL/SPI/Src/Spi.o
 .text          0x00000092        0x0 ./01-Source/01-MCAL/I2C/Src/I2c.o
 .text          0x00000092        0x0 ./01-Source/01-MCAL/GLBL_INT/Src/Glbl_INT.o
 .text          0x00000092        0x0 ./01-Source/01-MCAL/EXT_INT/Src/Ext_INT.o
 .text          0x00000092        0x0 ./01-Source/01-MCAL/EEPROM/Src/Eeprom.o
 .text          0x00000092        0x0 ./01-Source/01-MCAL/DIO/Src/Dio.o
 .text          0x00000092        0x0 ./01-Source/01-MCAL/ADC/Src/Adc.o
 .text          0x00000092        0x0 c:/winavr-20100110/bin/../lib/gcc/avr/4.3.3/avr5\libgcc.a(_udivmodqi4.o)
 .text          0x00000092        0x0 c:/winavr-20100110/bin/../lib/gcc/avr/4.3.3/avr5\libgcc.a(_udivmodhi4.o)
 .text          0x00000092        0x0 c:/winavr-20100110/bin/../lib/gcc/avr/4.3.3/avr5\libgcc.a(_exit.o)
 .text          0x00000092        0x0 c:/winavr-20100110/bin/../lib/gcc/avr/4.3.3/avr5\libgcc.a(_copy_data.o)
 .text          0x00000092        0x0 c:/winavr-20100110/bin/../lib/gcc/avr/4.3.3/avr5\libgcc.a(_clear_bss.o)
 .text          0x00000092       0x58 c:/winavr-20100110/bin/../lib/gcc/avr/4.3.3/avr5\libgcc.a(_fixunssfsi.o)
                0x00000092                __fixunssfsi
 .text          0x000000ea      0x354 c:/winavr-20100110/bin/../lib/gcc/avr/4.3.3/avr5\libgcc.a(_addsub_sf.o)
                0x00000382                __subsf3
                0x000003e4                __addsf3
 .text          0x0000043e      0x1f4 c:/winavr-20100110/bin/../lib/gcc/avr/4.3.3/avr5\libgcc.a(_mul_sf.o)
                0x0000043e                __mulsf3
 .text          0x00000632       0x60 c:/winavr-20100110/bin/../lib/gcc/avr/4.3.3/avr5\libgcc.a(_ge_sf.o)
                0x00000632                __gesf2
 .text          0x00000692       0xa8 c:/winavr-20100110/bin/../lib/gcc/avr/4.3.3/avr5\libgcc.a(_sf_to_si.o)
                0x00000692                __fixsfsi
 .text          0x0000073a        0x0 c:/winavr-20100110/bin/../lib/gcc/avr/4.3.3/avr5\libgcc.a(_thenan_sf.o)
 .text          0x0000073a       0xf2 c:/winavr-20100110/bin/../lib/gcc/avr/4.3.3/avr5\libgcc.a(_usi_to_sf.o)
                0x0000073a                __floatunsisf
 .text          0x0000082c        0x0 c:/winavr-20100110/bin/../lib/gcc/avr/4.3.3/avr5\libgcc.a(_prologue.o)
 .text          0x0000082c        0x0 c:/winavr-20100110/bin/../lib/gcc/avr/4.3.3/avr5\libgcc.a(_epilogue.o)
 .text          0x0000082c       0x9e c:/winavr-20100110/bin/../lib/gcc/avr/4.3.3/avr5\libgcc.a(_clzsi2.o)
                0x0000082c                __clzsi2
 .text          0x000008ca      0x1aa c:/winavr-20100110/bin/../lib/gcc/avr/4.3.3/avr5\libgcc.a(_pack_sf.o)
                0x000008ca                __pack_f
 .text          0x00000a74       0xf0 c:/winavr-20100110/bin/../lib/gcc/avr/4.3.3/avr5\libgcc.a(_unpack_sf.o)
                0x00000a74                __unpack_f
 .text          0x00000b64       0xb2 c:/winavr-20100110/bin/../lib/gcc/avr/4.3.3/avr5\libgcc.a(_fpcmp_parts_sf.o)
                0x00000b64                __fpcmp_parts_f
 .text          0x00000c16        0x0 c:/winavr-20100110/bin/../lib/gcc/avr/4.3.3/avr5\libgcc.a(_clz.o)
 .text          0x00000c16        0x0 c:/winavr-20100110/bin/../lib/gcc/avr/4.3.3/../../../../avr/lib/avr5\libc.a(memcpy.o)
 .text          0x00000c16        0x0 c:/winavr-20100110/bin/../lib/gcc/avr/4.3.3/../../../../avr/lib/avr5\libc.a(memset.o)
 .text          0x00000c16        0x0 c:/winavr-20100110/bin/../lib/gcc/avr/4.3.3/../../../../avr/lib/avr5\libc.a(strncpy.o)
                0x00000c16                . = ALIGN (0x2)
 *(.text.*)
 .text.xCoRoutineRemoveFromEventList
                0x00000c16       0x4e ./01-Source/05-OS/Src/croutine.o
                0x00000c16                xCoRoutineRemoveFromEventList
 .text.vCoRoutineSchedule
                0x00000c64      0x21e ./01-Source/05-OS/Src/croutine.o
                0x00000c64                vCoRoutineSchedule
 .text.vCoRoutineAddToDelayedList
                0x00000e82       0x80 ./01-Source/05-OS/Src/croutine.o
                0x00000e82                vCoRoutineAddToDelayedList
 .text.xCoRoutineCreate
                0x00000f02       0xfc ./01-Source/05-OS/Src/croutine.o
                0x00000f02                xCoRoutineCreate
 .text.vPortFree
                0x00000ffe        0x2 ./01-Source/05-OS/Src/heap_1.o
                0x00000ffe                vPortFree
 .text.vPortInitialiseBlocks
                0x00001000        0xa ./01-Source/05-OS/Src/heap_1.o
                0x00001000                vPortInitialiseBlocks
 .text.xPortGetFreeHeapSize
                0x0000100a       0x14 ./01-Source/05-OS/Src/heap_1.o
                0x0000100a                xPortGetFreeHeapSize
 .text.pvPortMalloc
                0x0000101e       0x4e ./01-Source/05-OS/Src/heap_1.o
                0x0000101e                pvPortMalloc
 .text.pxPortInitialiseStack
                0x0000106c       0x90 ./01-Source/05-OS/Src/port.o
                0x0000106c                pxPortInitialiseStack
 .text.xPortStartScheduler
                0x000010fc       0x6a ./01-Source/05-OS/Src/port.o
                0x000010fc                xPortStartScheduler
 .text.vPortEndScheduler
                0x00001166        0x2 ./01-Source/05-OS/Src/port.o
                0x00001166                vPortEndScheduler
 .text.vPortYieldFromTick
                0x00001168       0xb6 ./01-Source/05-OS/Src/port.o
                0x00001168                vPortYieldFromTick
 .text.__vector_7
                0x0000121e        0x6 ./01-Source/05-OS/Src/port.o
                0x0000121e                __vector_7
 .text.vPortYield
                0x00001224       0xb2 ./01-Source/05-OS/Src/port.o
                0x00001224                vPortYield
 .text.uxQueueMessagesWaiting
                0x000012d6       0x10 ./01-Source/05-OS/Src/queue.o
                0x000012d6                uxQueueMessagesWaiting
 .text.uxQueueMessagesWaitingFromISR
                0x000012e6        0x6 ./01-Source/05-OS/Src/queue.o
                0x000012e6                uxQueueMessagesWaitingFromISR
 .text.xQueueIsQueueEmptyFromISR
                0x000012ec       0x10 ./01-Source/05-OS/Src/queue.o
                0x000012ec                xQueueIsQueueEmptyFromISR
 .text.xQueueIsQueueFullFromISR
                0x000012fc       0x16 ./01-Source/05-OS/Src/queue.o
                0x000012fc                xQueueIsQueueFullFromISR
 .text.vQueueDelete
                0x00001312       0x1c ./01-Source/05-OS/Src/queue.o
                0x00001312                vQueueDelete
 .text.xQueueReceiveFromISR
                0x0000132e       0x88 ./01-Source/05-OS/Src/queue.o
                0x0000132e                xQueueReceiveFromISR
 .text.prvCopyDataToQueue
                0x000013b6       0x8c ./01-Source/05-OS/Src/queue.o
 .text.xQueueGenericSendFromISR
                0x00001442       0x5c ./01-Source/05-OS/Src/queue.o
                0x00001442                xQueueGenericSendFromISR
 .text.prvUnlockQueue
                0x0000149e       0xa8 ./01-Source/05-OS/Src/queue.o
 .text.xQueueGenericReceive
                0x00001546      0x1ac ./01-Source/05-OS/Src/queue.o
                0x00001546                xQueueGenericReceive
 .text.xQueueGenericSend
                0x000016f2      0x156 ./01-Source/05-OS/Src/queue.o
                0x000016f2                xQueueGenericSend
 .text.xQueueCreate
                0x00001848       0xc2 ./01-Source/05-OS/Src/queue.o
                0x00001848                xQueueCreate
 .text.vTaskSuspendAll
                0x0000190a        0xc ./01-Source/05-OS/Src/tasks.o
                0x0000190a                vTaskSuspendAll
 .text.xTaskGetTickCount
                0x00001916       0x16 ./01-Source/05-OS/Src/tasks.o
                0x00001916                xTaskGetTickCount
 .text.xTaskGetTickCountFromISR
                0x0000192c        0xc ./01-Source/05-OS/Src/tasks.o
                0x0000192c                xTaskGetTickCountFromISR
 .text.uxTaskGetNumberOfTasks
                0x00001938        0x6 ./01-Source/05-OS/Src/tasks.o
                0x00001938                uxTaskGetNumberOfTasks
 .text.vTaskSwitchContext
                0x0000193e       0x94 ./01-Source/05-OS/Src/tasks.o
                0x0000193e                vTaskSwitchContext
 .text.vTaskSetTimeOutState
                0x000019d2       0x16 ./01-Source/05-OS/Src/tasks.o
                0x000019d2                vTaskSetTimeOutState
 .text.xTaskCheckForTimeOut
                0x000019e8       0x7a ./01-Source/05-OS/Src/tasks.o
                0x000019e8                xTaskCheckForTimeOut
 .text.vTaskMissedYield
                0x00001a62        0x8 ./01-Source/05-OS/Src/tasks.o
                0x00001a62                vTaskMissedYield
 .text.xTaskRemoveFromEventList
                0x00001a6a       0x86 ./01-Source/05-OS/Src/tasks.o
                0x00001a6a                xTaskRemoveFromEventList
 .text.vTaskIncrementTick
                0x00001af0      0x19e ./01-Source/05-OS/Src/tasks.o
                0x00001af0                vTaskIncrementTick
 .text.prvAddCurrentTaskToDelayedList
                0x00001c8e       0x72 ./01-Source/05-OS/Src/tasks.o
 .text.vTaskPlaceOnEventList
                0x00001d00       0x3a ./01-Source/05-OS/Src/tasks.o
                0x00001d00                vTaskPlaceOnEventList
 .text.xTaskResumeAll
                0x00001d3a      0x102 ./01-Source/05-OS/Src/tasks.o
                0x00001d3a                xTaskResumeAll
 .text.vTaskDelay
                0x00001e3c       0x58 ./01-Source/05-OS/Src/tasks.o
                0x00001e3c                vTaskDelay
 .text.vTaskDelayUntil
                0x00001e94       0x80 ./01-Source/05-OS/Src/tasks.o
                0x00001e94                vTaskDelayUntil
 .text.vTaskDelete
                0x00001f14       0x96 ./01-Source/05-OS/Src/tasks.o
                0x00001f14                vTaskDelete
 .text.vTaskEndScheduler
                0x00001faa        0xc ./01-Source/05-OS/Src/tasks.o
                0x00001faa                vTaskEndScheduler
 .text.prvIdleTask
                0x00001fb6       0x66 ./01-Source/05-OS/Src/tasks.o
 .text.xTaskGenericCreate
                0x0000201c      0x252 ./01-Source/05-OS/Src/tasks.o
                0x0000201c                xTaskGenericCreate
 .text.vTaskStartScheduler
                0x0000226e       0x66 ./01-Source/05-OS/Src/tasks.o
                0x0000226e                vTaskStartScheduler
 .text.vListInitialise
                0x000022d4       0x20 ./01-Source/05-OS/Inc/list.o
                0x000022d4                vListInitialise
 .text.vListInitialiseItem
                0x000022f4        0x8 ./01-Source/05-OS/Inc/list.o
                0x000022f4                vListInitialiseItem
 .text.vListInsertEnd
                0x000022fc       0x52 ./01-Source/05-OS/Inc/list.o
                0x000022fc                vListInsertEnd
 .text.vListInsert
                0x0000234e       0x7a ./01-Source/05-OS/Inc/list.o
                0x0000234e                vListInsert
 .text.vListRemove
                0x000023c8       0x52 ./01-Source/05-OS/Inc/list.o
                0x000023c8                vListRemove
 .text.main     0x0000241a       0xaa ./01-Source/04-Application/main.o
                0x0000241a                main
 .text.Task2    0x000024c4       0x54 ./01-Source/04-Application/main.o
                0x000024c4                Task2
 .text.Task1    0x00002518       0x56 ./01-Source/04-Application/main.o
                0x00002518                Task1
 .text.SSD_DisplayNumber
                0x0000256e       0x70 ./01-Source/02-HAL/SSD/Src/SSD.o
                0x0000256e                SSD_DisplayNumber
 .text.SSD_Init
                0x000025de       0x3e ./01-Source/02-HAL/SSD/Src/SSD.o
                0x000025de                SSD_Init
 .text.LED_TOGGLE
                0x0000261c       0x2c ./01-Source/02-HAL/LED/Src/Led.o
                0x0000261c                LED_TOGGLE
 .text.LED_OFF  0x00002648       0x32 ./01-Source/02-HAL/LED/Src/Led.o
                0x00002648                LED_OFF
 .text.LED_ON   0x0000267a       0x32 ./01-Source/02-HAL/LED/Src/Led.o
                0x0000267a                LED_ON
 .text.LED_Init
                0x000026ac       0x20 ./01-Source/02-HAL/LED/Src/Led.o
                0x000026ac                LED_Init
 .text.Enable_Pulse
                0x000026cc       0x24 ./01-Source/02-HAL/LCD/Src/Lcd.o
 .text.Lcd_DisplayChr
                0x000026f0       0x32 ./01-Source/02-HAL/LCD/Src/Lcd.o
                0x000026f0                Lcd_DisplayChr
 .text.Lcd_DisplayNum
                0x00002722       0x6c ./01-Source/02-HAL/LCD/Src/Lcd.o
                0x00002722                Lcd_DisplayNum
 .text.LcdDisplayFloat
                0x0000278e       0x6a ./01-Source/02-HAL/LCD/Src/Lcd.o
                0x0000278e                LcdDisplayFloat
 .text.Lcd_DisplayStr
                0x000027f8       0x1e ./01-Source/02-HAL/LCD/Src/Lcd.o
                0x000027f8                Lcd_DisplayStr
 .text.Lcd_Cmd  0x00002816       0x32 ./01-Source/02-HAL/LCD/Src/Lcd.o
                0x00002816                Lcd_Cmd
 .text.Lcd_Goto_Row_Column
                0x00002848       0x1e ./01-Source/02-HAL/LCD/Src/Lcd.o
                0x00002848                Lcd_Goto_Row_Column
 .text.Lcd_Init
                0x00002866       0xf8 ./01-Source/02-HAL/LCD/Src/Lcd.o
                0x00002866                Lcd_Init
 .text.KeyPad_Scan
                0x0000295e       0x8a ./01-Source/02-HAL/KEYPAD/Src/KeyPad.o
                0x0000295e                KeyPad_Scan
 .text.KeyPad_Init
                0x000029e8       0x9a ./01-Source/02-HAL/KEYPAD/Src/KeyPad.o
                0x000029e8                KeyPad_Init
 .text.Eeprom24C16_ReadByte
                0x00002a82       0x42 ./01-Source/02-HAL/EEPROM24C16/Src/Eeprom24C16.o
                0x00002a82                Eeprom24C16_ReadByte
 .text.Eeprom24C16_WriteByte
                0x00002ac4       0x74 ./01-Source/02-HAL/EEPROM24C16/Src/Eeprom24C16.o
                0x00002ac4                Eeprom24C16_WriteByte
 .text.Eeprom24C16_Init
                0x00002b38        0x6 ./01-Source/02-HAL/EEPROM24C16/Src/Eeprom24C16.o
                0x00002b38                Eeprom24C16_Init
 .text.Buzzer_Toggle
                0x00002b3e        0xa ./01-Source/02-HAL/BUZZER/Src/Buzzer.o
                0x00002b3e                Buzzer_Toggle
 .text.Buzzer_OFF
                0x00002b48        0xc ./01-Source/02-HAL/BUZZER/Src/Buzzer.o
                0x00002b48                Buzzer_OFF
 .text.Buzzer_ON
                0x00002b54        0xc ./01-Source/02-HAL/BUZZER/Src/Buzzer.o
                0x00002b54                Buzzer_ON
 .text.Buzzer_Init
                0x00002b60        0xc ./01-Source/02-HAL/BUZZER/Src/Buzzer.o
                0x00002b60                Buzzer_Init
 .text.Button_GetStatus
                0x00002b6c       0x4a ./01-Source/02-HAL/BUTTON/Src/Button.o
                0x00002b6c                Button_GetStatus
 .text.Button_Init
                0x00002bb6       0x20 ./01-Source/02-HAL/BUTTON/Src/Button.o
                0x00002bb6                Button_Init
 .text.WDG_ON   0x00002bd6        0xe ./01-Source/01-MCAL/WDG/Src/Wdg.o
                0x00002bd6                WDG_ON
 .text.WDG_OFF  0x00002be4        0xc ./01-Source/01-MCAL/WDG/Src/Wdg.o
                0x00002be4                WDG_OFF
 .text.WDG_Refresh
                0x00002bf0        0x4 ./01-Source/01-MCAL/WDG/Src/Wdg.o
                0x00002bf0                WDG_Refresh
 .text.UART_Init
                0x00002bf4       0x12 ./01-Source/01-MCAL/UART/Src/Uart.o
                0x00002bf4                UART_Init
 .text.UART_TransmitChr
                0x00002c06        0x8 ./01-Source/01-MCAL/UART/Src/Uart.o
                0x00002c06                UART_TransmitChr
 .text.UART_TransmitStr
                0x00002c0e       0x18 ./01-Source/01-MCAL/UART/Src/Uart.o
                0x00002c0e                UART_TransmitStr
 .text.UART_ReceiveChr
                0x00002c26        0xc ./01-Source/01-MCAL/UART/Src/Uart.o
                0x00002c26                UART_ReceiveChr
 .text.__vector_13
                0x00002c32       0x82 ./01-Source/01-MCAL/UART/Src/Uart.o
                0x00002c32                __vector_13
 .text.TIMER0_Init
                0x00002cb4        0x6 ./01-Source/01-MCAL/TIMER0/Src/Timer0.o
                0x00002cb4                TIMER0_Init
 .text.TIMER0_Start
                0x00002cba        0x8 ./01-Source/01-MCAL/TIMER0/Src/Timer0.o
                0x00002cba                TIMER0_Start
 .text.TIMER0_Stop
                0x00002cc2        0x8 ./01-Source/01-MCAL/TIMER0/Src/Timer0.o
                0x00002cc2                TIMER0_Stop
 .text.TIMER0_SetPreload
                0x00002cca        0x4 ./01-Source/01-MCAL/TIMER0/Src/Timer0.o
                0x00002cca                TIMER0_SetPreload
 .text.TIMER0_GetPreload
                0x00002cce        0x4 ./01-Source/01-MCAL/TIMER0/Src/Timer0.o
                0x00002cce                TIMER0_GetPreload
 .text.TIMER0_EnableInterrupt
                0x00002cd2        0x8 ./01-Source/01-MCAL/TIMER0/Src/Timer0.o
                0x00002cd2                TIMER0_EnableInterrupt
 .text.TIMER0_DisableInterrupt
                0x00002cda        0x8 ./01-Source/01-MCAL/TIMER0/Src/Timer0.o
                0x00002cda                TIMER0_DisableInterrupt
 .text.TIMER0_SetCompareValue
                0x00002ce2        0x4 ./01-Source/01-MCAL/TIMER0/Src/Timer0.o
                0x00002ce2                TIMER0_SetCompareValue
 .text.Spi_MasterWrite
                0x00002ce6        0xa ./01-Source/01-MCAL/SPI/Src/Spi.o
                0x00002ce6                Spi_MasterWrite
 .text.Spi_MasterRead
                0x00002cf0        0xc ./01-Source/01-MCAL/SPI/Src/Spi.o
                0x00002cf0                Spi_MasterRead
 .text.Spi_MasterTranseve
                0x00002cfc        0xa ./01-Source/01-MCAL/SPI/Src/Spi.o
                0x00002cfc                Spi_MasterTranseve
 .text.Spi_SlaveRead
                0x00002d06        0x8 ./01-Source/01-MCAL/SPI/Src/Spi.o
                0x00002d06                Spi_SlaveRead
 .text.Spi_SlaveWrite
                0x00002d0e        0x4 ./01-Source/01-MCAL/SPI/Src/Spi.o
                0x00002d0e                Spi_SlaveWrite
 .text.Spi_SlaveInit
                0x00002d12       0x2e ./01-Source/01-MCAL/SPI/Src/Spi.o
                0x00002d12                Spi_SlaveInit
 .text.Spi_MasterInit
                0x00002d40       0x3a ./01-Source/01-MCAL/SPI/Src/Spi.o
                0x00002d40                Spi_MasterInit
 .text.I2C_MasterInit
                0x00002d7a        0xc ./01-Source/01-MCAL/I2C/Src/I2c.o
                0x00002d7a                I2C_MasterInit
 .text.I2C_SlaveInit
                0x00002d86       0x12 ./01-Source/01-MCAL/I2C/Src/I2c.o
                0x00002d86                I2C_SlaveInit
 .text.I2C_StartCondition
                0x00002d98       0x1e ./01-Source/01-MCAL/I2C/Src/I2c.o
                0x00002d98                I2C_StartCondition
 .text.I2C_RepeatedStartCondition
                0x00002db6       0x20 ./01-Source/01-MCAL/I2C/Src/I2c.o
                0x00002db6                I2C_RepeatedStartCondition
 .text.I2C_StopCondition
                0x00002dd6        0xe ./01-Source/01-MCAL/I2C/Src/I2c.o
                0x00002dd6                I2C_StopCondition
 .text.I2C_WriteByte
                0x00002de4       0x10 ./01-Source/01-MCAL/I2C/Src/I2c.o
                0x00002de4                I2C_WriteByte
 .text.I2C_Send_SlaveAddressWriteOperation
                0x00002df4       0x24 ./01-Source/01-MCAL/I2C/Src/I2c.o
                0x00002df4                I2C_Send_SlaveAddressWriteOperation
 .text.I2C_Send_SlaveAddressReadOperation
                0x00002e18       0x26 ./01-Source/01-MCAL/I2C/Src/I2c.o
                0x00002e18                I2C_Send_SlaveAddressReadOperation
 .text.I2C_ReadByte
                0x00002e3e       0x10 ./01-Source/01-MCAL/I2C/Src/I2c.o
                0x00002e3e                I2C_ReadByte
 .text.I2C_ReadStatus
                0x00002e4e        0x6 ./01-Source/01-MCAL/I2C/Src/I2c.o
                0x00002e4e                I2C_ReadStatus
 .text.Glbl_Interrupt_Enable
                0x00002e54        0x8 ./01-Source/01-MCAL/GLBL_INT/Src/Glbl_INT.o
                0x00002e54                Glbl_Interrupt_Enable
 .text.Glbl_Interrupt_Disable
                0x00002e5c        0x8 ./01-Source/01-MCAL/GLBL_INT/Src/Glbl_INT.o
                0x00002e5c                Glbl_Interrupt_Disable
 .text.Ext_Interrupt_Enable
                0x00002e64       0x26 ./01-Source/01-MCAL/EXT_INT/Src/Ext_INT.o
                0x00002e64                Ext_Interrupt_Enable
 .text.Ext_Interrupt_Disable
                0x00002e8a       0x26 ./01-Source/01-MCAL/EXT_INT/Src/Ext_INT.o
                0x00002e8a                Ext_Interrupt_Disable
 .text.Ext_Interrupt_SncControl
                0x00002eb0       0x3a ./01-Source/01-MCAL/EXT_INT/Src/Ext_INT.o
                0x00002eb0                Ext_Interrupt_SncControl
 .text.EEPROM_Write
                0x00002eea       0x10 ./01-Source/01-MCAL/EEPROM/Src/Eeprom.o
                0x00002eea                EEPROM_Write
 .text.EEPROM_Read
                0x00002efa        0xe ./01-Source/01-MCAL/EEPROM/Src/Eeprom.o
                0x00002efa                EEPROM_Read
 .text.Dio_ConfigChannel
                0x00002f08       0xdc ./01-Source/01-MCAL/DIO/Src/Dio.o
                0x00002f08                Dio_ConfigChannel
 .text.Dio_WriteChannel
                0x00002fe4       0xde ./01-Source/01-MCAL/DIO/Src/Dio.o
                0x00002fe4                Dio_WriteChannel
 .text.Dio_WriteGroup
                0x000030c2       0x4a ./01-Source/01-MCAL/DIO/Src/Dio.o
                0x000030c2                Dio_WriteGroup
 .text.Dio_TogglChannel
                0x0000310c       0x6a ./01-Source/01-MCAL/DIO/Src/Dio.o
                0x0000310c                Dio_TogglChannel
 .text.Dio_ReadChannel
                0x00003176       0x5c ./01-Source/01-MCAL/DIO/Src/Dio.o
                0x00003176                Dio_ReadChannel
 .text.Dio_ConfigChannelPullUp
                0x000031d2       0x3e ./01-Source/01-MCAL/DIO/Src/Dio.o
                0x000031d2                Dio_ConfigChannelPullUp
 .text.adcInit  0x00003210        0x8 ./01-Source/01-MCAL/ADC/Src/Adc.o
                0x00003210                adcInit
 .text.adcRead  0x00003218       0x22 ./01-Source/01-MCAL/ADC/Src/Adc.o
                0x00003218                adcRead
 .text.libgcc   0x0000323a       0x18 c:/winavr-20100110/bin/../lib/gcc/avr/4.3.3/avr5\libgcc.a(_udivmodqi4.o)
                0x0000323a                __udivmodqi4
 .text.libgcc   0x00003252       0x28 c:/winavr-20100110/bin/../lib/gcc/avr/4.3.3/avr5\libgcc.a(_udivmodhi4.o)
                0x00003252                __udivmodhi4
 .text.libgcc   0x0000327a        0x0 c:/winavr-20100110/bin/../lib/gcc/avr/4.3.3/avr5\libgcc.a(_exit.o)
 .text.libgcc   0x0000327a        0x0 c:/winavr-20100110/bin/../lib/gcc/avr/4.3.3/avr5\libgcc.a(_copy_data.o)
 .text.libgcc   0x0000327a        0x0 c:/winavr-20100110/bin/../lib/gcc/avr/4.3.3/avr5\libgcc.a(_clear_bss.o)
 .text.libgcc   0x0000327a       0x38 c:/winavr-20100110/bin/../lib/gcc/avr/4.3.3/avr5\libgcc.a(_prologue.o)
                0x0000327a                __prologue_saves__
 .text.libgcc   0x000032b2       0x36 c:/winavr-20100110/bin/../lib/gcc/avr/4.3.3/avr5\libgcc.a(_epilogue.o)
                0x000032b2                __epilogue_restores__
 .text.avr-libc
                0x000032e8       0x12 c:/winavr-20100110/bin/../lib/gcc/avr/4.3.3/../../../../avr/lib/avr5\libc.a(memcpy.o)
                0x000032e8                memcpy
 .text.avr-libc
                0x000032fa        0xe c:/winavr-20100110/bin/../lib/gcc/avr/4.3.3/../../../../avr/lib/avr5\libc.a(memset.o)
                0x000032fa                memset
 .text.avr-libc
                0x00003308       0x1e c:/winavr-20100110/bin/../lib/gcc/avr/4.3.3/../../../../avr/lib/avr5\libc.a(strncpy.o)
                0x00003308                strncpy
                0x00003326                . = ALIGN (0x2)
 *(.fini9)
 .fini9         0x00003326        0x0 c:/winavr-20100110/bin/../lib/gcc/avr/4.3.3/avr5\libgcc.a(_exit.o)
                0x00003326                exit
                0x00003326                _exit
 *(.fini9)
 *(.fini8)
 *(.fini8)
 *(.fini7)
 *(.fini7)
 *(.fini6)
 *(.fini6)
 *(.fini5)
 *(.fini5)
 *(.fini4)
 *(.fini4)
 *(.fini3)
 *(.fini3)
 *(.fini2)
 *(.fini2)
 *(.fini1)
 *(.fini1)
 *(.fini0)
 .fini0         0x00003326        0x4 c:/winavr-20100110/bin/../lib/gcc/avr/4.3.3/avr5\libgcc.a(_exit.o)
 *(.fini0)
                0x0000332a                _etext = .

.data           0x00800060      0x178 load address 0x0000332a
                0x00800060                PROVIDE (__data_start, .)
 *(.data)
 .data          0x00800060        0x0 c:/winavr-20100110/bin/../lib/gcc/avr/4.3.3/../../../../avr/lib/avr5/crtm32.o
 .data          0x00800060        0x0 ./01-Source/05-OS/Src/croutine.o
 .data          0x00800060        0x0 ./01-Source/05-OS/Src/heap_1.o
 .data          0x00800060        0x0 ./01-Source/05-OS/Src/port.o
 .data          0x00800060        0x0 ./01-Source/05-OS/Src/queue.o
 .data          0x00800060        0x5 ./01-Source/05-OS/Src/tasks.o
 .data          0x00800065        0x0 ./01-Source/05-OS/Src/timers.o
 .data          0x00800065        0x0 ./01-Source/05-OS/Inc/list.o
 .data          0x00800065       0x17 ./01-Source/04-Application/main.o
 .data          0x0080007c        0x0 ./01-Source/02-HAL/SSD/Src/SSD.o
 .data          0x0080007c        0x0 ./01-Source/02-HAL/LED/Src/Led.o
 .data          0x0080007c        0x0 ./01-Source/02-HAL/LCD/Src/Lcd.o
 .data          0x0080007c        0x0 ./01-Source/02-HAL/LCD/Src/Lcd_Cfg.o
 .data          0x0080007c        0x0 ./01-Source/02-HAL/KEYPAD/Src/KeyPad.o
 .data          0x0080007c        0x0 ./01-Source/02-HAL/EEPROM24C16/Src/Eeprom24C16.o
 .data          0x0080007c        0x0 ./01-Source/02-HAL/BUZZER/Src/Buzzer.o
 .data          0x0080007c        0x0 ./01-Source/02-HAL/BUTTON/Src/Button.o
 .data          0x0080007c        0x0 ./01-Source/01-MCAL/WDG/Src/Wdg.o
 .data          0x0080007c        0x0 ./01-Source/01-MCAL/UART/Src/Uart.o
 .data          0x0080007c        0x0 ./01-Source/01-MCAL/TIMER0/Src/Timer0.o
 .data          0x0080007c        0x0 ./01-Source/01-MCAL/SPI/Src/Spi.o
 .data          0x0080007c        0x0 ./01-Source/01-MCAL/I2C/Src/I2c.o
 .data          0x0080007c        0x0 ./01-Source/01-MCAL/GLBL_INT/Src/Glbl_INT.o
 .data          0x0080007c        0x0 ./01-Source/01-MCAL/EXT_INT/Src/Ext_INT.o
 .data          0x0080007c        0x0 ./01-Source/01-MCAL/EEPROM/Src/Eeprom.o
 .data          0x0080007c        0x0 ./01-Source/01-MCAL/DIO/Src/Dio.o
 .data          0x0080007c        0x0 ./01-Source/01-MCAL/ADC/Src/Adc.o
 .data          0x0080007c        0x0 c:/winavr-20100110/bin/../lib/gcc/avr/4.3.3/avr5\libgcc.a(_udivmodqi4.o)
 .data          0x0080007c        0x0 c:/winavr-20100110/bin/../lib/gcc/avr/4.3.3/avr5\libgcc.a(_udivmodhi4.o)
 .data          0x0080007c        0x0 c:/winavr-20100110/bin/../lib/gcc/avr/4.3.3/avr5\libgcc.a(_exit.o)
 .data          0x0080007c        0x0 c:/winavr-20100110/bin/../lib/gcc/avr/4.3.3/avr5\libgcc.a(_copy_data.o)
 .data          0x0080007c        0x0 c:/winavr-20100110/bin/../lib/gcc/avr/4.3.3/avr5\libgcc.a(_clear_bss.o)
 .data          0x0080007c        0x0 c:/winavr-20100110/bin/../lib/gcc/avr/4.3.3/avr5\libgcc.a(_fixunssfsi.o)
 .data          0x0080007c        0x0 c:/winavr-20100110/bin/../lib/gcc/avr/4.3.3/avr5\libgcc.a(_addsub_sf.o)
 .data          0x0080007c        0x0 c:/winavr-20100110/bin/../lib/gcc/avr/4.3.3/avr5\libgcc.a(_mul_sf.o)
 .data          0x0080007c        0x0 c:/winavr-20100110/bin/../lib/gcc/avr/4.3.3/avr5\libgcc.a(_ge_sf.o)
 .data          0x0080007c        0x0 c:/winavr-20100110/bin/../lib/gcc/avr/4.3.3/avr5\libgcc.a(_sf_to_si.o)
 .data          0x0080007c        0x8 c:/winavr-20100110/bin/../lib/gcc/avr/4.3.3/avr5\libgcc.a(_thenan_sf.o)
                0x0080007c                __thenan_sf
 .data          0x00800084        0x0 c:/winavr-20100110/bin/../lib/gcc/avr/4.3.3/avr5\libgcc.a(_usi_to_sf.o)
 .data          0x00800084        0x0 c:/winavr-20100110/bin/../lib/gcc/avr/4.3.3/avr5\libgcc.a(_prologue.o)
 .data          0x00800084        0x0 c:/winavr-20100110/bin/../lib/gcc/avr/4.3.3/avr5\libgcc.a(_epilogue.o)
 .data          0x00800084        0x0 c:/winavr-20100110/bin/../lib/gcc/avr/4.3.3/avr5\libgcc.a(_clzsi2.o)
 .data          0x00800084        0x0 c:/winavr-20100110/bin/../lib/gcc/avr/4.3.3/avr5\libgcc.a(_pack_sf.o)
 .data          0x00800084        0x0 c:/winavr-20100110/bin/../lib/gcc/avr/4.3.3/avr5\libgcc.a(_unpack_sf.o)
 .data          0x00800084        0x0 c:/winavr-20100110/bin/../lib/gcc/avr/4.3.3/avr5\libgcc.a(_fpcmp_parts_sf.o)
 .data          0x00800084      0x100 c:/winavr-20100110/bin/../lib/gcc/avr/4.3.3/avr5\libgcc.a(_clz.o)
                0x00800084                __clz_tab
 .data          0x00800184        0x0 c:/winavr-20100110/bin/../lib/gcc/avr/4.3.3/../../../../avr/lib/avr5\libc.a(memcpy.o)
 .data          0x00800184        0x0 c:/winavr-20100110/bin/../lib/gcc/avr/4.3.3/../../../../avr/lib/avr5\libc.a(memset.o)
 .data          0x00800184        0x0 c:/winavr-20100110/bin/../lib/gcc/avr/4.3.3/../../../../avr/lib/avr5\libc.a(strncpy.o)
 *(.data*)
 .data.xNextTaskUnblockTime
                0x00800184        0x2 ./01-Source/05-OS/Src/tasks.o
 .data.loc_oneDigit.1304
                0x00800186        0x1 ./01-Source/02-HAL/SSD/Src/SSD.o
 .data.customChar
                0x00800187       0x40 ./01-Source/02-HAL/LCD/Src/Lcd_Cfg.o
                0x00800187                customChar
 *(.rodata)
 *(.rodata*)
 .rodata.KeyPad_Vlues
                0x008001c7       0x10 ./01-Source/02-HAL/KEYPAD/Src/KeyPad.o
                0x008001c7                KeyPad_Vlues
 *(.gnu.linkonce.d*)
                0x008001d8                . = ALIGN (0x2)
 *fill*         0x008001d7        0x1 00
                0x008001d8                _edata = .
                0x008001d8                PROVIDE (__data_end, .)

.bss            0x008001d8      0x31b
                0x008001d8                PROVIDE (__bss_start, .)
 *(.bss)
 .bss           0x008001d8        0x0 c:/winavr-20100110/bin/../lib/gcc/avr/4.3.3/../../../../avr/lib/avr5/crtm32.o
 .bss           0x008001d8        0x0 ./01-Source/05-OS/Src/croutine.o
 .bss           0x008001d8        0x0 ./01-Source/05-OS/Src/heap_1.o
 .bss           0x008001d8        0x0 ./01-Source/05-OS/Src/port.o
 .bss           0x008001d8        0x0 ./01-Source/05-OS/Src/queue.o
 .bss           0x008001d8        0x0 ./01-Source/05-OS/Src/tasks.o
 .bss           0x008001d8        0x0 ./01-Source/05-OS/Src/timers.o
 .bss           0x008001d8        0x0 ./01-Source/05-OS/Inc/list.o
 .bss           0x008001d8        0x0 ./01-Source/04-Application/main.o
 .bss           0x008001d8        0x0 ./01-Source/02-HAL/SSD/Src/SSD.o
 .bss           0x008001d8        0x0 ./01-Source/02-HAL/LED/Src/Led.o
 .bss           0x008001d8        0x0 ./01-Source/02-HAL/LCD/Src/Lcd.o
 .bss           0x008001d8        0x0 ./01-Source/02-HAL/LCD/Src/Lcd_Cfg.o
 .bss           0x008001d8        0x0 ./01-Source/02-HAL/KEYPAD/Src/KeyPad.o
 .bss           0x008001d8        0x0 ./01-Source/02-HAL/EEPROM24C16/Src/Eeprom24C16.o
 .bss           0x008001d8        0x0 ./01-Source/02-HAL/BUZZER/Src/Buzzer.o
 .bss           0x008001d8        0x0 ./01-Source/02-HAL/BUTTON/Src/Button.o
 .bss           0x008001d8        0x0 ./01-Source/01-MCAL/WDG/Src/Wdg.o
 .bss           0x008001d8        0x0 ./01-Source/01-MCAL/UART/Src/Uart.o
 .bss           0x008001d8        0x0 ./01-Source/01-MCAL/TIMER0/Src/Timer0.o
 .bss           0x008001d8        0x0 ./01-Source/01-MCAL/SPI/Src/Spi.o
 .bss           0x008001d8        0x0 ./01-Source/01-MCAL/I2C/Src/I2c.o
 .bss           0x008001d8        0x0 ./01-Source/01-MCAL/GLBL_INT/Src/Glbl_INT.o
 .bss           0x008001d8        0x0 ./01-Source/01-MCAL/EXT_INT/Src/Ext_INT.o
 .bss           0x008001d8        0x0 ./01-Source/01-MCAL/EEPROM/Src/Eeprom.o
 .bss           0x008001d8        0x0 ./01-Source/01-MCAL/DIO/Src/Dio.o
 .bss           0x008001d8        0x0 ./01-Source/01-MCAL/ADC/Src/Adc.o
 .bss           0x008001d8        0x0 c:/winavr-20100110/bin/../lib/gcc/avr/4.3.3/avr5\libgcc.a(_udivmodqi4.o)
 .bss           0x008001d8        0x0 c:/winavr-20100110/bin/../lib/gcc/avr/4.3.3/avr5\libgcc.a(_udivmodhi4.o)
 .bss           0x008001d8        0x0 c:/winavr-20100110/bin/../lib/gcc/avr/4.3.3/avr5\libgcc.a(_exit.o)
 .bss           0x008001d8        0x0 c:/winavr-20100110/bin/../lib/gcc/avr/4.3.3/avr5\libgcc.a(_copy_data.o)
 .bss           0x008001d8        0x0 c:/winavr-20100110/bin/../lib/gcc/avr/4.3.3/avr5\libgcc.a(_clear_bss.o)
 .bss           0x008001d8        0x0 c:/winavr-20100110/bin/../lib/gcc/avr/4.3.3/avr5\libgcc.a(_fixunssfsi.o)
 .bss           0x008001d8        0x0 c:/winavr-20100110/bin/../lib/gcc/avr/4.3.3/avr5\libgcc.a(_addsub_sf.o)
 .bss           0x008001d8        0x0 c:/winavr-20100110/bin/../lib/gcc/avr/4.3.3/avr5\libgcc.a(_mul_sf.o)
 .bss           0x008001d8        0x0 c:/winavr-20100110/bin/../lib/gcc/avr/4.3.3/avr5\libgcc.a(_ge_sf.o)
 .bss           0x008001d8        0x0 c:/winavr-20100110/bin/../lib/gcc/avr/4.3.3/avr5\libgcc.a(_sf_to_si.o)
 .bss           0x008001d8        0x0 c:/winavr-20100110/bin/../lib/gcc/avr/4.3.3/avr5\libgcc.a(_thenan_sf.o)
 .bss           0x008001d8        0x0 c:/winavr-20100110/bin/../lib/gcc/avr/4.3.3/avr5\libgcc.a(_usi_to_sf.o)
 .bss           0x008001d8        0x0 c:/winavr-20100110/bin/../lib/gcc/avr/4.3.3/avr5\libgcc.a(_prologue.o)
 .bss           0x008001d8        0x0 c:/winavr-20100110/bin/../lib/gcc/avr/4.3.3/avr5\libgcc.a(_epilogue.o)
 .bss           0x008001d8        0x0 c:/winavr-20100110/bin/../lib/gcc/avr/4.3.3/avr5\libgcc.a(_clzsi2.o)
 .bss           0x008001d8        0x0 c:/winavr-20100110/bin/../lib/gcc/avr/4.3.3/avr5\libgcc.a(_pack_sf.o)
 .bss           0x008001d8        0x0 c:/winavr-20100110/bin/../lib/gcc/avr/4.3.3/avr5\libgcc.a(_unpack_sf.o)
 .bss           0x008001d8        0x0 c:/winavr-20100110/bin/../lib/gcc/avr/4.3.3/avr5\libgcc.a(_fpcmp_parts_sf.o)
 .bss           0x008001d8        0x0 c:/winavr-20100110/bin/../lib/gcc/avr/4.3.3/avr5\libgcc.a(_clz.o)
 .bss           0x008001d8        0x0 c:/winavr-20100110/bin/../lib/gcc/avr/4.3.3/../../../../avr/lib/avr5\libc.a(memcpy.o)
 .bss           0x008001d8        0x0 c:/winavr-20100110/bin/../lib/gcc/avr/4.3.3/../../../../avr/lib/avr5\libc.a(memset.o)
 .bss           0x008001d8        0x0 c:/winavr-20100110/bin/../lib/gcc/avr/4.3.3/../../../../avr/lib/avr5\libc.a(strncpy.o)
 *(.bss*)
 .bss.pxCurrentCoRoutine
                0x008001d8        0x2 ./01-Source/05-OS/Src/croutine.o
                0x008001d8                pxCurrentCoRoutine
 .bss.uxTopCoRoutineReadyPriority
                0x008001da        0x1 ./01-Source/05-OS/Src/croutine.o
 .bss.xLastTickCount
                0x008001db        0x2 ./01-Source/05-OS/Src/croutine.o
 .bss.xPassedTicks
                0x008001dd        0x2 ./01-Source/05-OS/Src/croutine.o
 .bss.xCoRoutineTickCount
                0x008001df        0x2 ./01-Source/05-OS/Src/croutine.o
 .bss.pxReadyCoRoutineLists
                0x008001e1       0x12 ./01-Source/05-OS/Src/croutine.o
 .bss.xDelayedCoRoutineList1
                0x008001f3        0x9 ./01-Source/05-OS/Src/croutine.o
 .bss.xDelayedCoRoutineList2
                0x008001fc        0x9 ./01-Source/05-OS/Src/croutine.o
 .bss.pxDelayedCoRoutineList
                0x00800205        0x2 ./01-Source/05-OS/Src/croutine.o
 .bss.pxOverflowDelayedCoRoutineList
                0x00800207        0x2 ./01-Source/05-OS/Src/croutine.o
 .bss.xPendingReadyCoRoutineList
                0x00800209        0x9 ./01-Source/05-OS/Src/croutine.o
 .bss.xNextFreeByte
                0x00800212        0x2 ./01-Source/05-OS/Src/heap_1.o
 .bss.xHeap     0x00800214      0x258 ./01-Source/05-OS/Src/heap_1.o
 .bss.pxCurrentTCB
                0x0080046c        0x2 ./01-Source/05-OS/Src/tasks.o
                0x0080046c                pxCurrentTCB
 .bss.xMissedYield
                0x0080046e        0x1 ./01-Source/05-OS/Src/tasks.o
 .bss.xNumOfOverflows
                0x0080046f        0x1 ./01-Source/05-OS/Src/tasks.o
 .bss.xTickCount
                0x00800470        0x2 ./01-Source/05-OS/Src/tasks.o
 .bss.uxSchedulerSuspended
                0x00800472        0x1 ./01-Source/05-OS/Src/tasks.o
 .bss.uxTopReadyPriority
                0x00800473        0x1 ./01-Source/05-OS/Src/tasks.o
 .bss.uxMissedTicks
                0x00800474        0x1 ./01-Source/05-OS/Src/tasks.o
 .bss.uxCurrentNumberOfTasks
                0x00800475        0x1 ./01-Source/05-OS/Src/tasks.o
 .bss.xSchedulerRunning
                0x00800476        0x1 ./01-Source/05-OS/Src/tasks.o
 .bss.uxTasksDeleted
                0x00800477        0x1 ./01-Source/05-OS/Src/tasks.o
 .bss.uxTaskNumber
                0x00800478        0x1 ./01-Source/05-OS/Src/tasks.o
 .bss.uxTopUsedPriority
                0x00800479        0x1 ./01-Source/05-OS/Src/tasks.o
 .bss.pxReadyTasksLists
                0x0080047a       0x2d ./01-Source/05-OS/Src/tasks.o
 .bss.xDelayedTaskList1
                0x008004a7        0x9 ./01-Source/05-OS/Src/tasks.o
 .bss.xDelayedTaskList2
                0x008004b0        0x9 ./01-Source/05-OS/Src/tasks.o
 .bss.pxDelayedTaskList
                0x008004b9        0x2 ./01-Source/05-OS/Src/tasks.o
 .bss.pxOverflowDelayedTaskList
                0x008004bb        0x2 ./01-Source/05-OS/Src/tasks.o
 .bss.xPendingReadyList
                0x008004bd        0x9 ./01-Source/05-OS/Src/tasks.o
 .bss.xTasksWaitingTermination
                0x008004c6        0x9 ./01-Source/05-OS/Src/tasks.o
 .bss.num       0x008004cf        0x1 ./01-Source/04-Application/main.o
                0x008004cf                num
 .bss.ledTaskRead
                0x008004d0        0x1 ./01-Source/04-Application/main.o
                0x008004d0                ledTaskRead
 .bss.firstQueue
                0x008004d1        0x2 ./01-Source/04-Application/main.o
                0x008004d1                firstQueue
 .bss.semaphore1
                0x008004d3        0x2 ./01-Source/04-Application/main.o
                0x008004d3                semaphore1
 .bss.semaphore2
                0x008004d5        0x2 ./01-Source/04-Application/main.o
                0x008004d5                semaphore2
 .bss.uartResult
                0x008004d7        0x1 ./01-Source/01-MCAL/UART/Src/Uart.o
                0x008004d7                uartResult
 .bss.UART_RxBuffer_Index
                0x008004d8        0x1 ./01-Source/01-MCAL/UART/Src/Uart.o
                0x008004d8                UART_RxBuffer_Index
 .bss.Rx_Buffer_Ready
                0x008004d9        0x1 ./01-Source/01-MCAL/UART/Src/Uart.o
                0x008004d9                Rx_Buffer_Ready
 *(COMMON)
 COMMON         0x008004da       0x19 ./01-Source/01-MCAL/UART/Src/Uart.o
                0x008004da                UART_RxBuffer
                0x008004f3                PROVIDE (__bss_end, .)
                0x0000332a                __data_load_start = LOADADDR (.data)
                0x000034a2                __data_load_end = (__data_load_start + SIZEOF (.data))

.noinit         0x008004f3        0x0
                0x008004f3                PROVIDE (__noinit_start, .)
 *(.noinit*)
                0x008004f3                PROVIDE (__noinit_end, .)
                0x008004f3                _end = .
                0x008004f3                PROVIDE (__heap_start, .)

.eeprom         0x00810000        0x0
 *(.eeprom*)
                0x00810000                __eeprom_end = .

.fuse
 *(.fuse)
 *(.lfuse)
 *(.hfuse)
 *(.efuse)

.lock
 *(.lock*)

.signature
 *(.signature*)

.stab           0x00000000     0x71e8
 *(.stab)
 .stab          0x00000000      0xa80 ./01-Source/05-OS/Src/croutine.o
 .stab          0x00000a80      0x354 ./01-Source/05-OS/Src/heap_1.o
                                0x624 (size before relaxing)
 .stab          0x00000dd4      0x558 ./01-Source/05-OS/Src/port.o
                                0x888 (size before relaxing)
 .stab          0x0000132c      0xd68 ./01-Source/05-OS/Src/queue.o
                               0x10a4 (size before relaxing)
 .stab          0x00002094     0x1320 ./01-Source/05-OS/Src/tasks.o
                               0x1578 (size before relaxing)
 .stab          0x000033b4      0x1c8 ./01-Source/05-OS/Src/timers.o
                                0x4c8 (size before relaxing)
 .stab          0x0000357c      0x51c ./01-Source/05-OS/Inc/list.o
                                0x750 (size before relaxing)
 .stab          0x00003a98      0x4ec ./01-Source/04-Application/main.o
                                0x7f8 (size before relaxing)
 .stab          0x00003f84      0x27c ./01-Source/02-HAL/SSD/Src/SSD.o
                                0x510 (size before relaxing)
 .stab          0x00004200      0x27c ./01-Source/02-HAL/LED/Src/Led.o
                                0x3b4 (size before relaxing)
 .stab          0x0000447c      0x60c ./01-Source/02-HAL/LCD/Src/Lcd.o
                                0x894 (size before relaxing)
 .stab          0x00004a88      0x144 ./01-Source/02-HAL/LCD/Src/Lcd_Cfg.o
                                0x408 (size before relaxing)
 .stab          0x00004bcc      0x354 ./01-Source/02-HAL/KEYPAD/Src/KeyPad.o
                                0x5e8 (size before relaxing)
 .stab          0x00004f20      0x318 ./01-Source/02-HAL/EEPROM24C16/Src/Eeprom24C16.o
                                0x5dc (size before relaxing)
 .stab          0x00005238      0x1d4 ./01-Source/02-HAL/BUZZER/Src/Buzzer.o
                                0x2dc (size before relaxing)
 .stab          0x0000540c      0x210 ./01-Source/02-HAL/BUTTON/Src/Button.o
                                0x360 (size before relaxing)
 .stab          0x0000561c      0x1a4 ./01-Source/01-MCAL/WDG/Src/Wdg.o
                                0x234 (size before relaxing)
 .stab          0x000057c0      0x36c ./01-Source/01-MCAL/UART/Src/Uart.o
                                0x660 (size before relaxing)
 .stab          0x00005b2c      0x2a0 ./01-Source/01-MCAL/TIMER0/Src/Timer0.o
                                0x330 (size before relaxing)
 .stab          0x00005dcc      0x390 ./01-Source/01-MCAL/SPI/Src/Spi.o
                                0x498 (size before relaxing)
 .stab          0x0000615c      0x48c ./01-Source/01-MCAL/I2C/Src/I2c.o
                                0x5a0 (size before relaxing)
 .stab          0x000065e8      0x174 ./01-Source/01-MCAL/GLBL_INT/Src/Glbl_INT.o
                                0x204 (size before relaxing)
 .stab          0x0000675c      0x294 ./01-Source/01-MCAL/EXT_INT/Src/Ext_INT.o
                                0x324 (size before relaxing)
 .stab          0x000069f0      0x1d4 ./01-Source/01-MCAL/EEPROM/Src/Eeprom.o
                                0x264 (size before relaxing)
 .stab          0x00006bc4      0x480 ./01-Source/01-MCAL/DIO/Src/Dio.o
                                0x588 (size before relaxing)
 .stab          0x00007044      0x1a4 ./01-Source/01-MCAL/ADC/Src/Adc.o
                                0x234 (size before relaxing)

.stabstr        0x00000000     0x45bf
 *(.stabstr)
 .stabstr       0x00000000     0x45bf ./01-Source/05-OS/Src/croutine.o

.stab.excl
 *(.stab.excl)

.stab.exclstr
 *(.stab.exclstr)

.stab.index
 *(.stab.index)

.stab.indexstr
 *(.stab.indexstr)

.comment
 *(.comment)

.debug
 *(.debug)

.line
 *(.line)

.debug_srcinfo
 *(.debug_srcinfo)

.debug_sfnames
 *(.debug_sfnames)

.debug_aranges  0x00000000      0x140
 *(.debug_aranges)
 .debug_aranges
                0x00000000       0x20 c:/winavr-20100110/bin/../lib/gcc/avr/4.3.3/avr5\libgcc.a(_fixunssfsi.o)
 .debug_aranges
                0x00000020       0x20 c:/winavr-20100110/bin/../lib/gcc/avr/4.3.3/avr5\libgcc.a(_addsub_sf.o)
 .debug_aranges
                0x00000040       0x20 c:/winavr-20100110/bin/../lib/gcc/avr/4.3.3/avr5\libgcc.a(_mul_sf.o)
 .debug_aranges
                0x00000060       0x20 c:/winavr-20100110/bin/../lib/gcc/avr/4.3.3/avr5\libgcc.a(_ge_sf.o)
 .debug_aranges
                0x00000080       0x20 c:/winavr-20100110/bin/../lib/gcc/avr/4.3.3/avr5\libgcc.a(_sf_to_si.o)
 .debug_aranges
                0x000000a0       0x20 c:/winavr-20100110/bin/../lib/gcc/avr/4.3.3/avr5\libgcc.a(_usi_to_sf.o)
 .debug_aranges
                0x000000c0       0x20 c:/winavr-20100110/bin/../lib/gcc/avr/4.3.3/avr5\libgcc.a(_clzsi2.o)
 .debug_aranges
                0x000000e0       0x20 c:/winavr-20100110/bin/../lib/gcc/avr/4.3.3/avr5\libgcc.a(_pack_sf.o)
 .debug_aranges
                0x00000100       0x20 c:/winavr-20100110/bin/../lib/gcc/avr/4.3.3/avr5\libgcc.a(_unpack_sf.o)
 .debug_aranges
                0x00000120       0x20 c:/winavr-20100110/bin/../lib/gcc/avr/4.3.3/avr5\libgcc.a(_fpcmp_parts_sf.o)

.debug_pubnames
                0x00000000      0x197
 *(.debug_pubnames)
 .debug_pubnames
                0x00000000       0x23 c:/winavr-20100110/bin/../lib/gcc/avr/4.3.3/avr5\libgcc.a(_fixunssfsi.o)
 .debug_pubnames
                0x00000023       0x2c c:/winavr-20100110/bin/../lib/gcc/avr/4.3.3/avr5\libgcc.a(_addsub_sf.o)
 .debug_pubnames
                0x0000004f       0x1f c:/winavr-20100110/bin/../lib/gcc/avr/4.3.3/avr5\libgcc.a(_mul_sf.o)
 .debug_pubnames
                0x0000006e       0x1e c:/winavr-20100110/bin/../lib/gcc/avr/4.3.3/avr5\libgcc.a(_ge_sf.o)
 .debug_pubnames
                0x0000008c       0x20 c:/winavr-20100110/bin/../lib/gcc/avr/4.3.3/avr5\libgcc.a(_sf_to_si.o)
 .debug_pubnames
                0x000000ac       0x22 c:/winavr-20100110/bin/../lib/gcc/avr/4.3.3/avr5\libgcc.a(_thenan_sf.o)
 .debug_pubnames
                0x000000ce       0x24 c:/winavr-20100110/bin/../lib/gcc/avr/4.3.3/avr5\libgcc.a(_usi_to_sf.o)
 .debug_pubnames
                0x000000f2       0x1f c:/winavr-20100110/bin/../lib/gcc/avr/4.3.3/avr5\libgcc.a(_clzsi2.o)
 .debug_pubnames
                0x00000111       0x1f c:/winavr-20100110/bin/../lib/gcc/avr/4.3.3/avr5\libgcc.a(_pack_sf.o)
 .debug_pubnames
                0x00000130       0x21 c:/winavr-20100110/bin/../lib/gcc/avr/4.3.3/avr5\libgcc.a(_unpack_sf.o)
 .debug_pubnames
                0x00000151       0x26 c:/winavr-20100110/bin/../lib/gcc/avr/4.3.3/avr5\libgcc.a(_fpcmp_parts_sf.o)
 .debug_pubnames
                0x00000177       0x20 c:/winavr-20100110/bin/../lib/gcc/avr/4.3.3/avr5\libgcc.a(_clz.o)

.debug_info     0x00000000     0x1b11
 *(.debug_info)
 .debug_info    0x00000000       0xb1 c:/winavr-20100110/bin/../lib/gcc/avr/4.3.3/avr5\libgcc.a(_fixunssfsi.o)
 .debug_info    0x000000b1      0x47a c:/winavr-20100110/bin/../lib/gcc/avr/4.3.3/avr5\libgcc.a(_addsub_sf.o)
 .debug_info    0x0000052b      0x485 c:/winavr-20100110/bin/../lib/gcc/avr/4.3.3/avr5\libgcc.a(_mul_sf.o)
 .debug_info    0x000009b0      0x27f c:/winavr-20100110/bin/../lib/gcc/avr/4.3.3/avr5\libgcc.a(_ge_sf.o)
 .debug_info    0x00000c2f      0x2b0 c:/winavr-20100110/bin/../lib/gcc/avr/4.3.3/avr5\libgcc.a(_sf_to_si.o)
 .debug_info    0x00000edf      0x12c c:/winavr-20100110/bin/../lib/gcc/avr/4.3.3/avr5\libgcc.a(_thenan_sf.o)
 .debug_info    0x0000100b      0x206 c:/winavr-20100110/bin/../lib/gcc/avr/4.3.3/avr5\libgcc.a(_usi_to_sf.o)
 .debug_info    0x00001211      0x117 c:/winavr-20100110/bin/../lib/gcc/avr/4.3.3/avr5\libgcc.a(_clzsi2.o)
 .debug_info    0x00001328      0x2df c:/winavr-20100110/bin/../lib/gcc/avr/4.3.3/avr5\libgcc.a(_pack_sf.o)
 .debug_info    0x00001607      0x251 c:/winavr-20100110/bin/../lib/gcc/avr/4.3.3/avr5\libgcc.a(_unpack_sf.o)
 .debug_info    0x00001858      0x210 c:/winavr-20100110/bin/../lib/gcc/avr/4.3.3/avr5\libgcc.a(_fpcmp_parts_sf.o)
 .debug_info    0x00001a68       0xa9 c:/winavr-20100110/bin/../lib/gcc/avr/4.3.3/avr5\libgcc.a(_clz.o)
 *(.gnu.linkonce.wi.*)

.debug_abbrev   0x00000000      0xebc
 *(.debug_abbrev)
 .debug_abbrev  0x00000000       0x5d c:/winavr-20100110/bin/../lib/gcc/avr/4.3.3/avr5\libgcc.a(_fixunssfsi.o)
 .debug_abbrev  0x0000005d      0x1ea c:/winavr-20100110/bin/../lib/gcc/avr/4.3.3/avr5\libgcc.a(_addsub_sf.o)
 .debug_abbrev  0x00000247      0x21b c:/winavr-20100110/bin/../lib/gcc/avr/4.3.3/avr5\libgcc.a(_mul_sf.o)
 .debug_abbrev  0x00000462      0x15a c:/winavr-20100110/bin/../lib/gcc/avr/4.3.3/avr5\libgcc.a(_ge_sf.o)
 .debug_abbrev  0x000005bc      0x17f c:/winavr-20100110/bin/../lib/gcc/avr/4.3.3/avr5\libgcc.a(_sf_to_si.o)
 .debug_abbrev  0x0000073b       0xad c:/winavr-20100110/bin/../lib/gcc/avr/4.3.3/avr5\libgcc.a(_thenan_sf.o)
 .debug_abbrev  0x000007e8      0x157 c:/winavr-20100110/bin/../lib/gcc/avr/4.3.3/avr5\libgcc.a(_usi_to_sf.o)
 .debug_abbrev  0x0000093f       0xc4 c:/winavr-20100110/bin/../lib/gcc/avr/4.3.3/avr5\libgcc.a(_clzsi2.o)
 .debug_abbrev  0x00000a03      0x1c0 c:/winavr-20100110/bin/../lib/gcc/avr/4.3.3/avr5\libgcc.a(_pack_sf.o)
 .debug_abbrev  0x00000bc3      0x154 c:/winavr-20100110/bin/../lib/gcc/avr/4.3.3/avr5\libgcc.a(_unpack_sf.o)
 .debug_abbrev  0x00000d17      0x13b c:/winavr-20100110/bin/../lib/gcc/avr/4.3.3/avr5\libgcc.a(_fpcmp_parts_sf.o)
 .debug_abbrev  0x00000e52       0x6a c:/winavr-20100110/bin/../lib/gcc/avr/4.3.3/avr5\libgcc.a(_clz.o)

.debug_line     0x00000000      0xe5b
 *(.debug_line)
 .debug_line    0x00000000       0xa7 c:/winavr-20100110/bin/../lib/gcc/avr/4.3.3/avr5\libgcc.a(_fixunssfsi.o)
 .debug_line    0x000000a7      0x2af c:/winavr-20100110/bin/../lib/gcc/avr/4.3.3/avr5\libgcc.a(_addsub_sf.o)
 .debug_line    0x00000356      0x239 c:/winavr-20100110/bin/../lib/gcc/avr/4.3.3/avr5\libgcc.a(_mul_sf.o)
 .debug_line    0x0000058f       0xd3 c:/winavr-20100110/bin/../lib/gcc/avr/4.3.3/avr5\libgcc.a(_ge_sf.o)
 .debug_line    0x00000662      0x109 c:/winavr-20100110/bin/../lib/gcc/avr/4.3.3/avr5\libgcc.a(_sf_to_si.o)
 .debug_line    0x0000076b       0x90 c:/winavr-20100110/bin/../lib/gcc/avr/4.3.3/avr5\libgcc.a(_thenan_sf.o)
 .debug_line    0x000007fb      0x133 c:/winavr-20100110/bin/../lib/gcc/avr/4.3.3/avr5\libgcc.a(_usi_to_sf.o)
 .debug_line    0x0000092e       0xa5 c:/winavr-20100110/bin/../lib/gcc/avr/4.3.3/avr5\libgcc.a(_clzsi2.o)
 .debug_line    0x000009d3      0x18a c:/winavr-20100110/bin/../lib/gcc/avr/4.3.3/avr5\libgcc.a(_pack_sf.o)
 .debug_line    0x00000b5d      0x14b c:/winavr-20100110/bin/../lib/gcc/avr/4.3.3/avr5\libgcc.a(_unpack_sf.o)
 .debug_line    0x00000ca8      0x137 c:/winavr-20100110/bin/../lib/gcc/avr/4.3.3/avr5\libgcc.a(_fpcmp_parts_sf.o)
 .debug_line    0x00000ddf       0x7c c:/winavr-20100110/bin/../lib/gcc/avr/4.3.3/avr5\libgcc.a(_clz.o)

.debug_frame    0x00000000      0x160
 *(.debug_frame)
 .debug_frame   0x00000000       0x20 c:/winavr-20100110/bin/../lib/gcc/avr/4.3.3/avr5\libgcc.a(_fixunssfsi.o)
 .debug_frame   0x00000020       0x40 c:/winavr-20100110/bin/../lib/gcc/avr/4.3.3/avr5\libgcc.a(_addsub_sf.o)
 .debug_frame   0x00000060       0x20 c:/winavr-20100110/bin/../lib/gcc/avr/4.3.3/avr5\libgcc.a(_mul_sf.o)
 .debug_frame   0x00000080       0x20 c:/winavr-20100110/bin/../lib/gcc/avr/4.3.3/avr5\libgcc.a(_ge_sf.o)
 .debug_frame   0x000000a0       0x20 c:/winavr-20100110/bin/../lib/gcc/avr/4.3.3/avr5\libgcc.a(_sf_to_si.o)
 .debug_frame   0x000000c0       0x20 c:/winavr-20100110/bin/../lib/gcc/avr/4.3.3/avr5\libgcc.a(_usi_to_sf.o)
 .debug_frame   0x000000e0       0x20 c:/winavr-20100110/bin/../lib/gcc/avr/4.3.3/avr5\libgcc.a(_clzsi2.o)
 .debug_frame   0x00000100       0x20 c:/winavr-20100110/bin/../lib/gcc/avr/4.3.3/avr5\libgcc.a(_pack_sf.o)
 .debug_frame   0x00000120       0x20 c:/winavr-20100110/bin/../lib/gcc/avr/4.3.3/avr5\libgcc.a(_unpack_sf.o)
 .debug_frame   0x00000140       0x20 c:/winavr-20100110/bin/../lib/gcc/avr/4.3.3/avr5\libgcc.a(_fpcmp_parts_sf.o)

.debug_str      0x00000000      0x2b1
 *(.debug_str)
 .debug_str     0x00000000       0xbf c:/winavr-20100110/bin/../lib/gcc/avr/4.3.3/avr5\libgcc.a(_fixunssfsi.o)
                                 0xfe (size before relaxing)
 .debug_str     0x000000bf      0x14d c:/winavr-20100110/bin/../lib/gcc/avr/4.3.3/avr5\libgcc.a(_addsub_sf.o)
                                0x206 (size before relaxing)
 .debug_str     0x0000020c       0x27 c:/winavr-20100110/bin/../lib/gcc/avr/4.3.3/avr5\libgcc.a(_mul_sf.o)
                                0x1bf (size before relaxing)
 .debug_str     0x00000233        0x8 c:/winavr-20100110/bin/../lib/gcc/avr/4.3.3/avr5\libgcc.a(_ge_sf.o)
                                0x195 (size before relaxing)
 .debug_str     0x0000023b        0xa c:/winavr-20100110/bin/../lib/gcc/avr/4.3.3/avr5\libgcc.a(_sf_to_si.o)
                                0x19e (size before relaxing)
 .debug_str     0x00000000      0x103 c:/winavr-20100110/bin/../lib/gcc/avr/4.3.3/avr5\libgcc.a(_thenan_sf.o)
 .debug_str     0x00000245       0x21 c:/winavr-20100110/bin/../lib/gcc/avr/4.3.3/avr5\libgcc.a(_usi_to_sf.o)
                                0x177 (size before relaxing)
 .debug_str     0x00000266       0x20 c:/winavr-20100110/bin/../lib/gcc/avr/4.3.3/avr5\libgcc.a(_clzsi2.o)
                                0x111 (size before relaxing)
 .debug_str     0x00000286       0x10 c:/winavr-20100110/bin/../lib/gcc/avr/4.3.3/avr5\libgcc.a(_pack_sf.o)
                                0x19d (size before relaxing)
 .debug_str     0x00000296        0xb c:/winavr-20100110/bin/../lib/gcc/avr/4.3.3/avr5\libgcc.a(_unpack_sf.o)
                                0x17f (size before relaxing)
 .debug_str     0x000002a1       0x10 c:/winavr-20100110/bin/../lib/gcc/avr/4.3.3/avr5\libgcc.a(_fpcmp_parts_sf.o)
                                0x163 (size before relaxing)
 .debug_str     0x00000000       0xf4 c:/winavr-20100110/bin/../lib/gcc/avr/4.3.3/avr5\libgcc.a(_clz.o)

.debug_loc      0x00000000      0x836
 *(.debug_loc)
 .debug_loc     0x00000000       0x34 c:/winavr-20100110/bin/../lib/gcc/avr/4.3.3/avr5\libgcc.a(_fixunssfsi.o)
 .debug_loc     0x00000034      0x32a c:/winavr-20100110/bin/../lib/gcc/avr/4.3.3/avr5\libgcc.a(_addsub_sf.o)
 .debug_loc     0x0000035e      0x104 c:/winavr-20100110/bin/../lib/gcc/avr/4.3.3/avr5\libgcc.a(_mul_sf.o)
 .debug_loc     0x00000462       0x3c c:/winavr-20100110/bin/../lib/gcc/avr/4.3.3/avr5\libgcc.a(_ge_sf.o)
 .debug_loc     0x0000049e       0x7e c:/winavr-20100110/bin/../lib/gcc/avr/4.3.3/avr5\libgcc.a(_sf_to_si.o)
 .debug_loc     0x0000051c       0x4c c:/winavr-20100110/bin/../lib/gcc/avr/4.3.3/avr5\libgcc.a(_usi_to_sf.o)
 .debug_loc     0x00000568       0x94 c:/winavr-20100110/bin/../lib/gcc/avr/4.3.3/avr5\libgcc.a(_clzsi2.o)
 .debug_loc     0x000005fc      0x13e c:/winavr-20100110/bin/../lib/gcc/avr/4.3.3/avr5\libgcc.a(_pack_sf.o)
 .debug_loc     0x0000073a       0xac c:/winavr-20100110/bin/../lib/gcc/avr/4.3.3/avr5\libgcc.a(_unpack_sf.o)
 .debug_loc     0x000007e6       0x50 c:/winavr-20100110/bin/../lib/gcc/avr/4.3.3/avr5\libgcc.a(_fpcmp_parts_sf.o)

.debug_macinfo
 *(.debug_macinfo)
OUTPUT(Amit_D24_Interfacing.elf elf32-avr)
LOAD linker stubs

.debug_ranges   0x00000000       0x50
 .debug_ranges  0x00000000       0x50 c:/winavr-20100110/bin/../lib/gcc/avr/4.3.3/avr5\libgcc.a(_mul_sf.o)
